MPLINK 4.34, Linker
Linker Map File - Created Thu Mar 07 09:20:23 2013

                                 Section Info
                  Section       Type    Address   Location Size(Bytes)
                ---------  ---------  ---------  ---------  ---------
               _entry_scn       code   0x000000    program   0x000006
       .code__user_putc.o       code   0x000006    program   0x000002
               highVector       code   0x000008    program   0x000006
           .code___init.o       code   0x00000e    program   0x000002
          .idata_xlcd.o_i    romdata   0x000010    program   0x000004
   .idata_WFPowerSave.o_i    romdata   0x000014    program   0x000002
         .idata_WFMac.o_i    romdata   0x000016    program   0x000002
                lowVector       code   0x000018    program   0x000006
                   .cinit    romdata   0x00001e    program   0x0000ce
               .code_IP.o       code   0x0000ec    program   0x00192c
            .code_WFMac.o       code   0x001a18    program   0x001156
         .code_vfprintf.o       code   0x002b6e    program   0x000c22
             .code_DHCP.o       code   0x003790    program   0x000abc
.code_WFConnectionAlgorithm.o       code   0x00424c    program   0x000a28
              .code_UDP.o       code   0x004c74    program   0x000908
      .code_WFDriverRaw.o       code   0x00557c    program   0x0006a2
      .code_WFDriverCom.o       code   0x005c1e    program   0x00064e
             .code_Main.o       code   0x00626c    program   0x0005ec
             .stringtable    romdata   0x006858    program   0x0005bb
           .romdata_ARP.o    romdata   0x006e13    program   0x000000
          .romdata_DHCP.o    romdata   0x006e13    program   0x000000
           .romdata_UDP.o    romdata   0x006e13    program   0x000000
.romdata_WFConnectionProfile.o    romdata   0x006e13    program   0x000000
       .romdata_Helpers.o    romdata   0x006e13    program   0x000000
.romdata_WFConnectionManager.o    romdata   0x006e13    program   0x000000
          .romdata_ICMP.o    romdata   0x006e13    program   0x000000
            .romdata_IP.o    romdata   0x006e13    program   0x000000
          .romdata_putc.o    romdata   0x006e13    program   0x000000
    .idata__user_putc.o_i    romdata   0x006e13    program   0x000000
     .romdata_WF_Config.o    romdata   0x006e13    program   0x000000
    .romdata__user_putc.o    romdata   0x006e13    program   0x000000
       .romdata_sprintf.o    romdata   0x006e13    program   0x000000
       .idata_sprintf.o_i    romdata   0x006e13    program   0x000000
      .idata_vfprintf.o_i    romdata   0x006e13    program   0x000000
        .romdata___init.o    romdata   0x006e13    program   0x000000
        .idata___init.o_i    romdata   0x006e13    program   0x000000
      .romdata_fxd3232u.o    romdata   0x006e13    program   0x000000
      .idata_fxd3232u.o_i    romdata   0x006e13    program   0x000000
      .romdata_fxd0808u.o    romdata   0x006e13    program   0x000000
      .idata_fxd0808u.o_i    romdata   0x006e13    program   0x000000
          .romdata_xlcd.o    romdata   0x006e13    program   0x000000
       .idata_fxm3232.o_i    romdata   0x006e13    program   0x000000
          .romdata_UART.o    romdata   0x006e13    program   0x000000
          .romdata_Tick.o    romdata   0x006e13    program   0x000000
      .romdata_StackTsk.o    romdata   0x006e13    program   0x000000
       .romdata_fxm3232.o    romdata   0x006e13    program   0x000000
          .idata_putc.o_i    romdata   0x006e13    program   0x000000
          .romdata_Main.o    romdata   0x006e13    program   0x000000
   .idata_WFDriverRaw.o_i    romdata   0x006e13    program   0x000001
   .romdata_WFDriverCom.o    romdata   0x006e13    program   0x000000
    .romdata_WFDataTxRx.o    romdata   0x006e13    program   0x000000
.romdata_WFConnectionAlgorithm.o    romdata   0x006e13    program   0x000000
       .romdata_WF_Eint.o    romdata   0x006e13    program   0x000000
       .idata_WF_Eint.o_i    romdata   0x006e13    program   0x000000
     .romdata_WFTxPower.o    romdata   0x006e13    program   0x000000
     .idata_WFTxPower.o_i    romdata   0x006e13    program   0x000000
        .romdata_WFScan.o    romdata   0x006e13    program   0x000000
        .idata_WFScan.o_i    romdata   0x006e13    program   0x000000
   .romdata_WFPowerSave.o    romdata   0x006e13    program   0x000000
    .romdata_WFParamMsg.o    romdata   0x006e13    program   0x000000
    .idata_WFParamMsg.o_i    romdata   0x006e13    program   0x000000
     .romdata_WFMgmtMsg.o    romdata   0x006e13    program   0x000000
        .romdata_WF_Spi.o    romdata   0x006e13    program   0x000000
        .idata_WF_Spi.o_i    romdata   0x006e13    program   0x000000
         .romdata_c018i.o    romdata   0x006e13    program   0x000000
         .idata_c018i.o_i    romdata   0x006e13    program   0x000000
     .idata_WF_Config.o_i    romdata   0x006e13    program   0x000000
   .romdata_WFDriverRaw.o    romdata   0x006e13    program   0x000000
         .romdata_WFMac.o    romdata   0x006e13    program   0x000000
.idata_WFEventHandler.o_i    romdata   0x006e13    program   0x000000
.romdata_WFEventHandler.o    romdata   0x006e13    program   0x000000
        .romdata_WFInit.o    romdata   0x006e13    program   0x000000
       .code_WFParamMsg.o       code   0x006e14    program   0x0004fa
        .code_WFTxPower.o       code   0x00730e    program   0x0004ce
.code_WFConnectionProfile.o       code   0x0077dc    program   0x0004b0
              .code_ARP.o       code   0x007c8c    program   0x00040e
             .code_ICMP.o       code   0x00809a    program   0x000300
        .code_WFMgmtMsg.o       code   0x00839a    program   0x000274
   .code_WFEventHandler.o       code   0x00860e    program   0x00025e
         .code_StackTsk.o       code   0x00886c    program   0x000240
             .code_xlcd.o       code   0x008aac    program   0x0001fa
          .code_Helpers.o       code   0x008ca6    program   0x0001e4
           .code_WF_Spi.o       code   0x008e8a    program   0x0001a6
      .code_WFPowerSave.o       code   0x009030    program   0x000158
           .code_WFScan.o       code   0x009188    program   0x000146
                   STRING       code   0x0092ce    program   0x000142
.code_WFConnectionManager.o       code   0x009410    program   0x000118
             .code_Tick.o       code   0x009528    program   0x0000da
             .code_UART.o       code   0x009602    program   0x0000d8
          .code_sprintf.o       code   0x0096da    program   0x0000ac
               _cinit_scn       code   0x009786    program   0x00009e
                     PROG       code   0x009824    program   0x00008e
           .code_WFInit.o       code   0x0098b2    program   0x00008a
             .code_putc.o       code   0x00993c    program   0x000084
          .code_fxm3232.o       code   0x0099c0    program   0x000070
        .code_WF_Config.o       code   0x009a30    program   0x000060
          .code_WF_Eint.o       code   0x009a90    program   0x000050
         .code_fxd3232u.o       code   0x009ae0    program   0x000048
                    CTYPE       code   0x009b28    program   0x000024
              D1KTCYXCODE       code   0x009b4c    program   0x000020
                    .code       code   0x009b6c    program   0x000020
             _startup_scn       code   0x009b8c    program   0x00001c
                    STDIO       code   0x009ba8    program   0x00001c
         .code_fxd0808u.o       code   0x009bc4    program   0x00001c
      .romdata_vfprintf.o    romdata   0x009be0    program   0x000011
     .idata_WFMgmtMsg.o_i    romdata   0x009bf1    program   0x000004
        .idata_WFInit.o_i    romdata   0x009bf5    program   0x000006
   .idata_WFDriverCom.o_i    romdata   0x009bfb    program   0x000001
.idata_WFConnectionProfile.o_i    romdata   0x009bfc    program   0x000000
    .idata_WFDataTxRx.o_i    romdata   0x009bfc    program   0x000000
.idata_WFConnectionManager.o_i    romdata   0x009bfc    program   0x000001
.idata_WFConnectionAlgorithm.o_i    romdata   0x009bfd    program   0x000001
           .idata_UDP.o_i    romdata   0x009bfe    program   0x000002
          .idata_Tick.o_i    romdata   0x009c00    program   0x000004
          .idata_UART.o_i    romdata   0x009c00    program   0x000000
      .idata_StackTsk.o_i    romdata   0x009c04    program   0x000001
          .idata_Main.o_i    romdata   0x009c05    program   0x00000e
            .idata_IP.o_i    romdata   0x009c13    program   0x000004
          .idata_ICMP.o_i    romdata   0x009c17    program   0x000001
       .idata_Helpers.o_i    romdata   0x009c18    program   0x000000
          .idata_DHCP.o_i    romdata   0x009c18    program   0x000001
           .idata_ARP.o_i    romdata   0x009c19    program   0x000001
       .code_WFDataTxRx.o       code   0x009c1a    program   0x000000
            .code_c018i.o       code   0x009c1a    program   0x000000
    .config_300001_Main.o    romdata   0x300001    program   0x000001
    .config_300003_Main.o    romdata   0x300003    program   0x000001
    .config_300005_Main.o    romdata   0x300005    program   0x000001
    .config_300006_Main.o    romdata   0x300006    program   0x000001
                MATH_DATA      udata   0x000000       data   0x000014
                 .tmpdata      udata   0x000014       data   0x000010
                DELAYDAT1      udata   0x000024       data   0x000001
              .udata_IP.o      udata   0x000080       data   0x00006a
       .udata_WFTxPower.o      udata   0x0000ea       data   0x000013
  .udata_WFEventHandler.o      udata   0x0000fd       data   0x000003
             .udata_UDP.o      udata   0x000100       data   0x0000b6
.udata_WFConnectionProfile.o      udata   0x0001b6       data   0x000043
     .udata_WFPowerSave.o      udata   0x0001f9       data   0x000007
            .udata_Main.o      udata   0x000200       data   0x00009a
           .udata_WFMac.o      udata   0x00029a       data   0x000041
            .udata_DHCP.o      udata   0x0002db       data   0x000025
.udata_WFConnectionAlgorithm.o      udata   0x000300       data   0x000041
      .udata_WFParamMsg.o      udata   0x000341       data   0x000022
          .udata_WF_Spi.o      udata   0x000363       data   0x00001f
             .udata_ARP.o      udata   0x000382       data   0x00001e
            .udata_ICMP.o      udata   0x0003a0       data   0x000019
            .idata_Main.o      idata   0x0003b9       data   0x00000e
        .udata_StackTsk.o      udata   0x0003c7       data   0x00000b
           .udata_c018i.o      udata   0x0003d2       data   0x00000a
            .udata_Tick.o      udata   0x0003dc       data   0x00000a
            .udata_UART.o      udata   0x0003e6       data   0x000009
         .udata_Helpers.o      udata   0x0003ef       data   0x000008
       .udata_WF_Config.o      udata   0x0003f7       data   0x000006
     .idata_WFPowerSave.o      idata   0x0003fd       data   0x000002
     .idata_WFDriverRaw.o      idata   0x0003ff       data   0x000001
.udata_WFConnectionManager.o      udata   0x000400       data   0x000006
          .idata_WFInit.o      idata   0x000406       data   0x000006
          .udata_WFScan.o      udata   0x00040c       data   0x000004
            .idata_xlcd.o      idata   0x000410       data   0x000004
       .idata_WFMgmtMsg.o      idata   0x000414       data   0x000004
            .idata_Tick.o      idata   0x000418       data   0x000004
              .idata_IP.o      idata   0x00041c       data   0x000004
           .idata_WFMac.o      idata   0x000420       data   0x000002
             .idata_UDP.o      idata   0x000422       data   0x000002
     .idata_WFDriverCom.o      idata   0x000424       data   0x000001
.idata_WFConnectionManager.o      idata   0x000425       data   0x000001
.idata_WFConnectionAlgorithm.o      idata   0x000426       data   0x000001
        .idata_StackTsk.o      idata   0x000427       data   0x000001
            .idata_ICMP.o      idata   0x000428       data   0x000001
            .idata_DHCP.o      idata   0x000429       data   0x000001
             .idata_ARP.o      idata   0x00042a       data   0x000001
        .udata_vfprintf.o      udata   0x00042b       data   0x000000
         .idata_sprintf.o      idata   0x00042b       data   0x000000
         .udata_sprintf.o      udata   0x00042b       data   0x000000
          .idata___init.o      idata   0x00042b       data   0x000000
          .udata___init.o      udata   0x00042b       data   0x000000
        .idata_fxd3232u.o      idata   0x00042b       data   0x000000
        .udata_fxd3232u.o      udata   0x00042b       data   0x000000
        .idata_fxd0808u.o      idata   0x00042b       data   0x000000
  .idata_WFEventHandler.o      idata   0x00042b       data   0x000000
          .udata_WFInit.o      udata   0x00042b       data   0x000000
          .idata_WF_Spi.o      idata   0x00042b       data   0x000000
        .udata_fxd0808u.o      udata   0x00042b       data   0x000000
            .idata_UART.o      idata   0x00042b       data   0x000000
           .idata_c018i.o      idata   0x00042b       data   0x000000
       .idata_WF_Config.o      idata   0x00042b       data   0x000000
      .idata_WFParamMsg.o      idata   0x00042b       data   0x000000
.idata_WFConnectionProfile.o      idata   0x00042b       data   0x000000
         .idata_Helpers.o      idata   0x00042b       data   0x000000
         .idata_WF_Eint.o      idata   0x00042b       data   0x000000
      .udata__user_putc.o      udata   0x00042b       data   0x000000
         .udata_WF_Eint.o      udata   0x00042b       data   0x000000
      .idata__user_putc.o      idata   0x00042b       data   0x000000
       .idata_WFTxPower.o      idata   0x00042b       data   0x000000
      .udata_WFDataTxRx.o      udata   0x00042b       data   0x000000
      .idata_WFDataTxRx.o      idata   0x00042b       data   0x000000
            .idata_putc.o      idata   0x00042b       data   0x000000
            .udata_putc.o      udata   0x00042b       data   0x000000
          .idata_WFScan.o      idata   0x00042b       data   0x000000
        .idata_vfprintf.o      idata   0x00042b       data   0x000000
         .idata_fxm3232.o      idata   0x00042b       data   0x000000
         .udata_fxm3232.o      udata   0x00042b       data   0x000000
Helpers.o:CalcIPBufferChecksum     actrec   0x000d00       data   0x00001c
      DHCP.o:_DHCPReceive     actrec   0x000d00       data   0x000009
 WFMac.o:MACGetFreeRxSize     actrec   0x000d00       data   0x000002
          DHCP.o:DHCPInit     actrec   0x000d00       data   0x000001
     WFMac.o:MACGetHeader     actrec   0x000d00       data   0x000016
         ARP.o:ARPResolve     actrec   0x000d00       data   0x00001c
         ARP.o:ARPProcess     actrec   0x000d00       data   0x00001c
 UDP.o:FindMatchingSocket     actrec   0x000d00       data   0x000004
  WFMac.o:MACMemCopyAsync     actrec   0x000d00       data   0x000017
     UDP.o:UDPPutROMArray     actrec   0x000d00       data   0x000002
        UDP.o:UDPPutArray     actrec   0x000d00       data   0x000002
            UDP.o:UDPOpen     actrec   0x000d00       data   0x000003
            UDP.o:UDPInit     actrec   0x000d00       data   0x000001
     Tick.o:TickGetDiv256     actrec   0x000d00       data   0x000004
         xlcd.o:xlcd_init     actrec   0x000d00       data   0x000007
     Tick.o:TickGetDiv64K     actrec   0x000d00       data   0x000004
           IP.o:c328reset     actrec   0x000d00       data   0x000007
  WFDriverCom.o:ChipReset     actrec   0x000d00       data   0x00000a
          IP.o:c328getpic     actrec   0x000d00       data   0x00001c
  WFMgmtMsg.o:SendMgmtMsg     actrec   0x000d00       data   0x000008
            IP.o:c328snap     actrec   0x000d00       data   0x000007
          IP.o:c328setupL     actrec   0x000d00       data   0x00000d
WFDriverCom.o:HostInterrupt2RegInit     actrec   0x000d00       data   0x000002
WFDriverCom.o:HostInterruptRegInit     actrec   0x000d00       data   0x000001
          IP.o:c328setupS     actrec   0x000d00       data   0x00000b
             IP.o:c328syn     actrec   0x000d00       data   0x000011
           IP.o:ne_prints     actrec   0x000d00       data   0x000001
          WFMac.o:inportb     actrec   0x000d00       data   0x000001
         IP.o:IPPutHeader     actrec   0x000d00       data   0x000014
          WFMac.o:ToInt16     actrec   0x000d00       data   0x000002
         IP.o:IPGetHeader     actrec   0x000d00       data   0x000045
         UART.o:getsUSART     actrec   0x000d00       data   0x000002
WFDriverRaw.o:RawSetByteROM     actrec   0x000d02       data   0x000001
     xlcd.o:lcd_send_byte     actrec   0x000d07       data   0x000002
WFDriverRaw.o:AllocateMgmtTxBuffer     actrec   0x000d08       data   0x000004
        UDP.o:UDPGetArray     actrec   0x000d09       data   0x000002
          xlcd.o:lcd_putc     actrec   0x000d09       data   0x000002
        xlcd.o:lcd_gotoxy     actrec   0x000d0b       data   0x000001
  WFMac.o:WFisTxMgmtReady     actrec   0x000d0c       data   0x000001
      xlcd.o:LCDPutString     actrec   0x000d0c       data   0x000001
         DHCP.o:_DHCPSend     actrec   0x000d14       data   0x000005
     WFMac.o:MACIFService     actrec   0x000d16       data   0x000004
WFDriverRaw.o:RawGetIndex     actrec   0x000d17       data   0x000003
          DHCP.o:DHCPTask     actrec   0x000d19       data   0x000001
     WFMac.o:MACPutHeader     actrec   0x000d1c       data   0x00000e
           IP.o:reply_tcp     actrec   0x000d1c       data   0x000011
WFMac.o:MACCalcRxChecksum     actrec   0x000d1c       data   0x000004
         UDP.o:UDPProcess     actrec   0x000d1c       data   0x000019
           UDP.o:UDPFlush     actrec   0x000d2a       data   0x00000c
          WFMac.o:ne_send     actrec   0x000d2d       data   0x000001
      IP.o:write_ip_check     actrec   0x000d2d       data   0x000007
     IP.o:write_tcp_check     actrec   0x000d2d       data   0x000005
            IP.o:ne_print     actrec   0x000d2d       data   0x000004
WFDriverRaw.o:RawMountRxBuffer     actrec   0x000d2d       data   0x000002
         IP.o:flush_print     actrec   0x000d2d       data   0x000004
WFDriverCom.o:ProcessInterruptServiceResult     actrec   0x000d2d       data   0x000003
WFEventHandler.o:WFProcessMgmtIndicateMsg     actrec   0x000d2d       data   0x00000b
WFMac.o:RawGetMgmtRxBuffer     actrec   0x000d2f       data   0x000001
          WFMac.o:inport1     actrec   0x000d32       data   0x000002
    WFMac.o:MACSetReadPtr     actrec   0x000d34       data   0x000002
           WFMac.o:inport     actrec   0x000d34       data   0x000002
           WFMac.o:MACPut     actrec   0x000d34       data   0x000001
   WFMac.o:MACSetWritePtr     actrec   0x000d36       data   0x000002
 WFDriverRaw.o:RawSetByte     actrec   0x000d36       data   0x000001
           WFMac.o:MACGet     actrec   0x000d36       data   0x000001
      ICMP.o:ICMPGetReply     actrec   0x000d38       data   0x00000a
          IP.o:finish_tcp     actrec   0x000d38       data   0x000004
       ICMP.o:ICMPProcess     actrec   0x000d38       data   0x000004
             IP.o:cameraL     actrec   0x000d3c       data   0x000004
             IP.o:cameraS     actrec   0x000d3c       data   0x000004
        IP.o:write_ip_hdr     actrec   0x000d40       data   0x000002
WFEventHandler.o:isNotifyApp     actrec   0x000d42       data   0x000002
     WFMac.o:MACIsTxReady     actrec   0x000d44       data   0x000001
         WFInit.o:WF_Init     actrec   0x000d45       data   0x000011
         WFScan.o:WF_Scan     actrec   0x000d45       data   0x000004
WFScan.o:WF_ScanGetResult     actrec   0x000d45       data   0x000004
WFPowerSave.o:WF_PsPollEnable     actrec   0x000d45       data   0x000004
WFConnectionAlgorithm.o:LowLevel_CASetElement     actrec   0x000d45       data   0x000004
WFConnectionManager.o:WF_CMDisconnect     actrec   0x000d45       data   0x000002
WFConnectionManager.o:WF_CMGetConnectionState     actrec   0x000d45       data   0x000004
WFParamMsg.o:WF_GetMacStats     actrec   0x000d45       data   0x000004
WFConnectionManager.o:WF_CMConnect     actrec   0x000d45       data   0x000004
WFConnectionProfile.o:WF_CPCreate     actrec   0x000d45       data   0x000002
WFConnectionProfile.o:WF_CPDelete     actrec   0x000d45       data   0x000002
WFConnectionProfile.o:WF_CPGetIds     actrec   0x000d45       data   0x000002
WFConnectionProfile.o:WF_CPGetSsid     actrec   0x000d45       data   0x000007
WFConnectionProfile.o:WF_CPSetSecurity     actrec   0x000d45       data   0x000009
WFConnectionProfile.o:WF_CPGetSecurity     actrec   0x000d45       data   0x000008
WFConnectionProfile.o:LowLevel_CPSetElement     actrec   0x000d45       data   0x000005
WFParamMsg.o:WF_GetMultiCastFilter     actrec   0x000d45       data   0x00000d
WFParamMsg.o:WF_SetMultiCastFilter     actrec   0x000d45       data   0x00000b
WFParamMsg.o:WF_GetDeviceInfo     actrec   0x000d45       data   0x000002
WFTxPower.o:WF_TxPowerGetMinMax     actrec   0x000d45       data   0x000008
WFTxPower.o:WF_TxPowerSetMinMax     actrec   0x000d45       data   0x000009
WFTxPower.o:WF_ThrottleTableGetState     actrec   0x000d45       data   0x000001
WFConnectionAlgorithm.o:WF_CAGetChannelList     actrec   0x000d45       data   0x000006
WFTxPower.o:WF_ThrottleTableDisable     actrec   0x000d45       data   0x000001
WFTxPower.o:WF_ThrottleTableEnable     actrec   0x000d45       data   0x000001
WFTxPower.o:WF_ThrottleTableGet     actrec   0x000d45       data   0x000006
WFTxPower.o:WF_ThrottleTableSet     actrec   0x000d45       data   0x000005
WFConnectionAlgorithm.o:WF_CASetElements     actrec   0x000d49       data   0x000001
WFConnectionAlgorithm.o:LowLevel_CAGetElement     actrec   0x000d4b       data   0x000004
WFConnectionProfile.o:LowLevel_CPGetElement     actrec   0x000d4d       data   0x000004
WFTxPower.o:WF_TxPowerGetFactoryMax     actrec   0x000d4e       data   0x000002
        Main.o:WF_Connect     actrec   0x000d4e       data   0x000005
              Main.o:main     actrec   0x000d56       data   0x000010
  WFDriverCom.o:WFProcess     actrec   0x000d66       data   0x000002
          Helpers.o:swaps     actrec   0x000d66       data   0x000003
 Helpers.o:CalcIPChecksum     actrec   0x000d66       data   0x000008
WFDriverRaw.o:SendRAWDataFrame     actrec   0x000d66       data   0x000004
WFMac.o:SyncENCPtrRAWState     actrec   0x000d66       data   0x00000d
 WFDriverRaw.o:RawGetByte     actrec   0x000d68       data   0x000001
WFDriverCom.o:ProcessMgmtRxMsg     actrec   0x000d69       data   0x000001
WFDriverRaw.o:RawSetIndex     actrec   0x000d73       data   0x00000b
WFDriverRaw.o:WaitForRawMoveComplete     actrec   0x000d73       data   0x00000d
WFPowerSave.o:WFConfigureLowPowerMode     actrec   0x000d73       data   0x000002
     StackTsk.o:StackTask     actrec   0x000d80       data   0x00000b
    WFDriverRaw.o:RawMove     actrec   0x000d8b       data   0x000006
WFParamMsg.o:SendGetParamMsg     actrec   0x000d91       data   0x000004
WFParamMsg.o:SendSetParamMsg     actrec   0x000d91       data   0x000004
WFPowerSave.o:WF_PsPollDisable     actrec   0x000d91       data   0x000004
WFPowerSave.o:SendPowerModeMsg     actrec   0x000d95       data   0x000002
WFParamMsg.o:WFEnableMRF24WB0MMode     actrec   0x000d95       data   0x000001
WFMgmtMsg.o:WaitForMgmtResponseAndReadData     actrec   0x000d95       data   0x000004
WFMgmtMsg.o:WaitForMgmtResponse     actrec   0x000d99       data   0x000004
WFDriverRaw.o:ScratchMount     actrec   0x000d9d       data   0x000002
WFDriverRaw.o:PopRawWindow     actrec   0x000d9d       data   0x000002
WFDriverRaw.o:AllocateDataTxBuffer     actrec   0x000d9d       data   0x000004
          IP.o:decode_tcp     actrec   0x000da1       data   0x000002
      WFMac.o:MACGetArray     actrec   0x000da1       data   0x000003
                   .stack      udata   0x000e00       data   0x000100
     .udata_WFDriverRaw.o      udata   0x000f00       data   0x000041
     .udata_WFDriverCom.o      udata   0x000f41       data   0x000028
       .udata_WFMgmtMsg.o      udata   0x000f69       data   0x00000f
            .udata_xlcd.o      udata   0x000f78       data   0x000008
            SFR_UNBANKED0      udata   0x000f80       data   0x000080



                              Program Memory Usage 
                               Start         End      
                           ---------   ---------      
                            0x000000    0x009c19      
                            0x300001    0x300001      
                            0x300003    0x300003      
                            0x300005    0x300006      
            39966 out of 66584 program addresses used, program memory utilization is 60%



                              Symbols - Sorted by Name
                     Name    Address   Location    Storage File                     
                ---------  ---------  ---------  --------- ---------                
                  ARPInit   0x007d9c    program     extern C:\Documents and Settings\Administrator\Desktop\EFY-WIFI-WEBCAM\C18WIFI\ARP.c
            ARPIsResolved   0x007f50    program     extern C:\Documents and Settings\Administrator\Desktop\EFY-WIFI-WEBCAM\C18WIFI\ARP.c
               ARPProcess   0x007db4    program     extern C:\Documents and Settings\Administrator\Desktop\EFY-WIFI-WEBCAM\C18WIFI\ARP.c
                   ARPPut   0x007c8c    program     static C:\Documents and Settings\Administrator\Desktop\EFY-WIFI-WEBCAM\C18WIFI\ARP.c
               ARPResolve   0x007ec8    program     extern C:\Documents and Settings\Administrator\Desktop\EFY-WIFI-WEBCAM\C18WIFI\ARP.c
     AllocateDataTxBuffer   0x005622    program     extern C:\Documents and Settings\Administrator\Desktop\EFY-WIFI-WEBCAM\C18WIFI\WFDriverRaw.c
     AllocateMgmtTxBuffer   0x00557c    program     extern C:\Documents and Settings\Administrator\Desktop\EFY-WIFI-WEBCAM\C18WIFI\WFDriverRaw.c
        AppPowerToWFPower   0x0075bc    program     static C:\Documents and Settings\Administrator\Desktop\EFY-WIFI-WEBCAM\C18WIFI\WFTxPower.c
                BoardInit   0x006534    program     static C:\Documents and Settings\Administrator\Desktop\EFY-WIFI-WEBCAM\C18WIFI\Main.c
                BusyUSART   0x009602    program     extern C:\Documents and Settings\Administrator\Desktop\EFY-WIFI-WEBCAM\C18WIFI\UART.c
     CalcIPBufferChecksum   0x008d60    program     extern C:\Documents and Settings\Administrator\Desktop\EFY-WIFI-WEBCAM\C18WIFI\Helpers.c
           CalcIPChecksum   0x008ca6    program     extern C:\Documents and Settings\Administrator\Desktop\EFY-WIFI-WEBCAM\C18WIFI\Helpers.c
                ChipReset   0x005f3c    program     static C:\Documents and Settings\Administrator\Desktop\EFY-WIFI-WEBCAM\C18WIFI\WFDriverCom.c
               CloseUSART   0x009610    program     extern C:\Documents and Settings\Administrator\Desktop\EFY-WIFI-WEBCAM\C18WIFI\UART.c
    ConfigureSpiMRF24WB0M   0x008e9c    program     static C:\Documents and Settings\Administrator\Desktop\EFY-WIFI-WEBCAM\C18WIFI\WF_Spi.c
                   D0808S   0x00983a    program     static C:\MCC18\src\traditional\math\fxd0808s.asm
                D0808SNEG   0x009848    program     static C:\MCC18\src\traditional\math\fxd0808s.asm
                 D0808SOK   0x009844    program     static C:\MCC18\src\traditional\math\fxd0808s.asm
                  D0808SX   0x00984e    program     static C:\MCC18\src\traditional\math\fxd0808s.asm
                    D1K_1   0x009b58    program     static C:\MCC18\src\traditional\delays\d1ktcyx.asm
                     D1Kx   0x009b56    program     static C:\MCC18\src\traditional\delays\d1ktcyx.asm
                  DA0808S   0x009830    program     static C:\MCC18\src\traditional\math\fxd0808s.asm
              DHCPDisable   0x0037ce    program     extern C:\Documents and Settings\Administrator\Desktop\EFY-WIFI-WEBCAM\C18WIFI\DHCP.c
               DHCPEnable   0x0037e6    program     extern C:\Documents and Settings\Administrator\Desktop\EFY-WIFI-WEBCAM\C18WIFI\DHCP.c
                 DHCPInit   0x003790    program     extern C:\Documents and Settings\Administrator\Desktop\EFY-WIFI-WEBCAM\C18WIFI\DHCP.c
              DHCPIsBound   0x003804    program     extern C:\Documents and Settings\Administrator\Desktop\EFY-WIFI-WEBCAM\C18WIFI\DHCP.c
            DHCPIsEnabled   0x0037f4    program     extern C:\Documents and Settings\Administrator\Desktop\EFY-WIFI-WEBCAM\C18WIFI\DHCP.c
     DHCPIsServerDetected   0x003820    program     extern C:\Documents and Settings\Administrator\Desktop\EFY-WIFI-WEBCAM\C18WIFI\DHCP.c
         DHCPStateChanged   0x00380e    program     extern C:\Documents and Settings\Administrator\Desktop\EFY-WIFI-WEBCAM\C18WIFI\DHCP.c
                 DHCPTask   0x00382e    program     extern C:\Documents and Settings\Administrator\Desktop\EFY-WIFI-WEBCAM\C18WIFI\DHCP.c
             DataRdyUSART   0x00961c    program     extern C:\Documents and Settings\Administrator\Desktop\EFY-WIFI-WEBCAM\C18WIFI\UART.c
   DeallocateDataRxBuffer   0x0056ca    program     extern C:\Documents and Settings\Administrator\Desktop\EFY-WIFI-WEBCAM\C18WIFI\WFDriverRaw.c
   DeallocateDataTxBuffer   0x0056a6    program     extern C:\Documents and Settings\Administrator\Desktop\EFY-WIFI-WEBCAM\C18WIFI\WFDriverRaw.c
   DeallocateMgmtRxBuffer   0x005600    program     extern C:\Documents and Settings\Administrator\Desktop\EFY-WIFI-WEBCAM\C18WIFI\WFDriverRaw.c
              Delay1KTCYx   0x009b4c    program     extern C:\MCC18\src\traditional\delays\d1ktcyx.asm
          EnsureWFisAwake   0x00911e    program     extern C:\Documents and Settings\Administrator\Desktop\EFY-WIFI-WEBCAM\C18WIFI\WFPowerSave.c
                 FXD0808S   0x009824    program     extern C:\MCC18\src\traditional\math\fxd0808s.asm
                 FXD0808U   0x009bc4    program     extern C:\MCC18\src\traditional\math\fxd0808u.c
                 FXD3232U   0x009ae0    program     extern C:\MCC18\src\traditional\math\fxd3232u.c
                 FXM1616S   0x009858    program     extern C:\MCC18\src\traditional\math\fxm1616s.asm
                  FXM3232   0x0099c0    program     extern C:\MCC18\src\traditional\math\fxm3232.c
       FindMatchingSocket   0x005404    program     static C:\Documents and Settings\Administrator\Desktop\EFY-WIFI-WEBCAM\C18WIFI\UDP.c
 GetEventNotificationMask   0x004bc8    program     extern C:\Documents and Settings\Administrator\Desktop\EFY-WIFI-WEBCAM\C18WIFI\WFConnectionAlgorithm.c
              GetTickCopy   0x009538    program     static C:\Documents and Settings\Administrator\Desktop\EFY-WIFI-WEBCAM\C18WIFI\Tick.c
                  HighISR   0x006326    program     extern C:\Documents and Settings\Administrator\Desktop\EFY-WIFI-WEBCAM\C18WIFI\Main.c
               HighVector   0x000008    program     extern C:\Documents and Settings\Administrator\Desktop\EFY-WIFI-WEBCAM\C18WIFI\Main.c
    HostInterrupt2RegInit   0x0060b0    program     static C:\Documents and Settings\Administrator\Desktop\EFY-WIFI-WEBCAM\C18WIFI\WFDriverCom.c
     HostInterruptRegInit   0x00610e    program     static C:\Documents and Settings\Administrator\Desktop\EFY-WIFI-WEBCAM\C18WIFI\WFDriverCom.c
           ICMPBeginUsage   0x008382    program     extern C:\Documents and Settings\Administrator\Desktop\EFY-WIFI-WEBCAM\C18WIFI\ICMP.c
             ICMPEndUsage   0x008394    program     extern C:\Documents and Settings\Administrator\Desktop\EFY-WIFI-WEBCAM\C18WIFI\ICMP.c
             ICMPGetReply   0x00822a    program     extern C:\Documents and Settings\Administrator\Desktop\EFY-WIFI-WEBCAM\C18WIFI\ICMP.c
              ICMPProcess   0x00809a    program     extern C:\Documents and Settings\Administrator\Desktop\EFY-WIFI-WEBCAM\C18WIFI\ICMP.c
             ICMPSendPing   0x0081fa    program     extern C:\Documents and Settings\Administrator\Desktop\EFY-WIFI-WEBCAM\C18WIFI\ICMP.c
              IPGetHeader   0x0000ec    program     extern C:\Documents and Settings\Administrator\Desktop\EFY-WIFI-WEBCAM\C18WIFI\IP.c
              IPPutHeader   0x000288    program     extern C:\Documents and Settings\Administrator\Desktop\EFY-WIFI-WEBCAM\C18WIFI\IP.c
            IPSetRxBuffer   0x000370    program     extern C:\Documents and Settings\Administrator\Desktop\EFY-WIFI-WEBCAM\C18WIFI\IP.c
            InitAppConfig   0x00671e    program     static C:\Documents and Settings\Administrator\Desktop\EFY-WIFI-WEBCAM\C18WIFI\Main.c
             LCDPutString   0x008c84    program     extern C:\Documents and Settings\Administrator\Desktop\EFY-WIFI-WEBCAM\C18WIFI\xlcd.c
                   LowISR   0x00626c    program     extern C:\Documents and Settings\Administrator\Desktop\EFY-WIFI-WEBCAM\C18WIFI\Main.c
    LowLevel_CAGetElement   0x004c12    program     static C:\Documents and Settings\Administrator\Desktop\EFY-WIFI-WEBCAM\C18WIFI\WFConnectionAlgorithm.c
    LowLevel_CASetElement   0x004bd0    program     static C:\Documents and Settings\Administrator\Desktop\EFY-WIFI-WEBCAM\C18WIFI\WFConnectionAlgorithm.c
    LowLevel_CPGetElement   0x007c28    program     static C:\Documents and Settings\Administrator\Desktop\EFY-WIFI-WEBCAM\C18WIFI\WFConnectionProfile.c
    LowLevel_CPSetElement   0x007be2    program     static C:\Documents and Settings\Administrator\Desktop\EFY-WIFI-WEBCAM\C18WIFI\WFConnectionProfile.c
                LowVector   0x000018    program     extern C:\Documents and Settings\Administrator\Desktop\EFY-WIFI-WEBCAM\C18WIFI\Main.c
        MACCalcRxChecksum   0x002484    program     extern C:\Documents and Settings\Administrator\Desktop\EFY-WIFI-WEBCAM\C18WIFI\WFMac.c
             MACDiscardRx   0x0020ba    program     extern C:\Documents and Settings\Administrator\Desktop\EFY-WIFI-WEBCAM\C18WIFI\WFMac.c
                 MACFlush   0x002394    program     extern C:\Documents and Settings\Administrator\Desktop\EFY-WIFI-WEBCAM\C18WIFI\WFMac.c
                   MACGet   0x0029ce    program     extern C:\Documents and Settings\Administrator\Desktop\EFY-WIFI-WEBCAM\C18WIFI\WFMac.c
              MACGetArray   0x002a0e    program     extern C:\Documents and Settings\Administrator\Desktop\EFY-WIFI-WEBCAM\C18WIFI\WFMac.c
         MACGetFreeRxSize   0x0020c2    program     extern C:\Documents and Settings\Administrator\Desktop\EFY-WIFI-WEBCAM\C18WIFI\WFMac.c
             MACGetHeader   0x0021d0    program     extern C:\Documents and Settings\Administrator\Desktop\EFY-WIFI-WEBCAM\C18WIFI\WFMac.c
             MACIFService   0x00213e    program     static C:\Documents and Settings\Administrator\Desktop\EFY-WIFI-WEBCAM\C18WIFI\WFMac.c
                  MACInit   0x001f04    program     extern C:\Documents and Settings\Administrator\Desktop\EFY-WIFI-WEBCAM\C18WIFI\WFMac.c
              MACIsLinked   0x001f58    program     extern C:\Documents and Settings\Administrator\Desktop\EFY-WIFI-WEBCAM\C18WIFI\WFMac.c
         MACIsMemCopyDone   0x0029c8    program     extern C:\Documents and Settings\Administrator\Desktop\EFY-WIFI-WEBCAM\C18WIFI\WFMac.c
             MACIsTxReady   0x001f60    program     extern C:\Documents and Settings\Administrator\Desktop\EFY-WIFI-WEBCAM\C18WIFI\WFMac.c
          MACMemCopyAsync   0x0024ec    program     extern C:\Documents and Settings\Administrator\Desktop\EFY-WIFI-WEBCAM\C18WIFI\WFMac.c
             MACPowerDown   0x002b54    program     extern C:\Documents and Settings\Administrator\Desktop\EFY-WIFI-WEBCAM\C18WIFI\WFMac.c
               MACPowerUp   0x002b56    program     extern C:\Documents and Settings\Administrator\Desktop\EFY-WIFI-WEBCAM\C18WIFI\WFMac.c
               MACProcess   0x001ed8    program     extern C:\Documents and Settings\Administrator\Desktop\EFY-WIFI-WEBCAM\C18WIFI\WFMac.c
                   MACPut   0x002a9c    program     extern C:\Documents and Settings\Administrator\Desktop\EFY-WIFI-WEBCAM\C18WIFI\WFMac.c
              MACPutArray   0x002adc    program     extern C:\Documents and Settings\Administrator\Desktop\EFY-WIFI-WEBCAM\C18WIFI\WFMac.c
             MACPutHeader   0x00230c    program     extern C:\Documents and Settings\Administrator\Desktop\EFY-WIFI-WEBCAM\C18WIFI\WFMac.c
           MACPutROMArray   0x002b18    program     extern C:\Documents and Settings\Administrator\Desktop\EFY-WIFI-WEBCAM\C18WIFI\WFMac.c
            MACSetReadPtr   0x002460    program     extern C:\Documents and Settings\Administrator\Desktop\EFY-WIFI-WEBCAM\C18WIFI\WFMac.c
        MACSetReadPtrInRx   0x002412    program     extern C:\Documents and Settings\Administrator\Desktop\EFY-WIFI-WEBCAM\C18WIFI\WFMac.c
           MACSetWritePtr   0x00243a    program     extern C:\Documents and Settings\Administrator\Desktop\EFY-WIFI-WEBCAM\C18WIFI\WFMac.c
             PopRawWindow   0x005786    program     extern C:\Documents and Settings\Administrator\Desktop\EFY-WIFI-WEBCAM\C18WIFI\WFDriverRaw.c
ProcessInterruptServiceResult   0x005c6c    program     static C:\Documents and Settings\Administrator\Desktop\EFY-WIFI-WEBCAM\C18WIFI\WFDriverCom.c
         ProcessMgmtRxMsg   0x006216    program     static C:\Documents and Settings\Administrator\Desktop\EFY-WIFI-WEBCAM\C18WIFI\WFDriverCom.c
            PushRawWindow   0x005766    program     extern C:\Documents and Settings\Administrator\Desktop\EFY-WIFI-WEBCAM\C18WIFI\WFDriverRaw.c
               RawGetByte   0x005a28    program     extern C:\Documents and Settings\Administrator\Desktop\EFY-WIFI-WEBCAM\C18WIFI\WFDriverRaw.c
              RawGetIndex   0x0059fa    program     extern C:\Documents and Settings\Administrator\Desktop\EFY-WIFI-WEBCAM\C18WIFI\WFDriverRaw.c
       RawGetMgmtRxBuffer   0x00202a    program     extern C:\Documents and Settings\Administrator\Desktop\EFY-WIFI-WEBCAM\C18WIFI\WFMac.c
                  RawInit   0x001f08    program     extern C:\Documents and Settings\Administrator\Desktop\EFY-WIFI-WEBCAM\C18WIFI\WFMac.c
         RawMountRxBuffer   0x00570a    program     extern C:\Documents and Settings\Administrator\Desktop\EFY-WIFI-WEBCAM\C18WIFI\WFDriverRaw.c
                  RawMove   0x0058a6    program     static C:\Documents and Settings\Administrator\Desktop\EFY-WIFI-WEBCAM\C18WIFI\WFDriverRaw.c
                  RawRead   0x005842    program     extern C:\Documents and Settings\Administrator\Desktop\EFY-WIFI-WEBCAM\C18WIFI\WFDriverRaw.c
          RawSendTxBuffer   0x0056e6    program     extern C:\Documents and Settings\Administrator\Desktop\EFY-WIFI-WEBCAM\C18WIFI\WFDriverRaw.c
               RawSetByte   0x005a82    program     extern C:\Documents and Settings\Administrator\Desktop\EFY-WIFI-WEBCAM\C18WIFI\WFDriverRaw.c
            RawSetByteROM   0x005ad6    program     extern C:\Documents and Settings\Administrator\Desktop\EFY-WIFI-WEBCAM\C18WIFI\WFDriverRaw.c
              RawSetIndex   0x005952    program     extern C:\Documents and Settings\Administrator\Desktop\EFY-WIFI-WEBCAM\C18WIFI\WFDriverRaw.c
             RawToRawCopy   0x005742    program     extern C:\Documents and Settings\Administrator\Desktop\EFY-WIFI-WEBCAM\C18WIFI\WFDriverRaw.c
                 RawWrite   0x005874    program     extern C:\Documents and Settings\Administrator\Desktop\EFY-WIFI-WEBCAM\C18WIFI\WFDriverRaw.c
      Read16BitWFRegister   0x005d8a    program     extern C:\Documents and Settings\Administrator\Desktop\EFY-WIFI-WEBCAM\C18WIFI\WFDriverCom.c
       Read8BitWFRegister   0x005d12    program     extern C:\Documents and Settings\Administrator\Desktop\EFY-WIFI-WEBCAM\C18WIFI\WFDriverCom.c
                ReadUSART   0x009630    program     extern C:\Documents and Settings\Administrator\Desktop\EFY-WIFI-WEBCAM\C18WIFI\UART.c
              ReadWFArray   0x005e84    program     extern C:\Documents and Settings\Administrator\Desktop\EFY-WIFI-WEBCAM\C18WIFI\WFDriverCom.c
        RestoreSpiContext   0x009018    program     static C:\Documents and Settings\Administrator\Desktop\EFY-WIFI-WEBCAM\C18WIFI\WF_Spi.c
           SaveSpiContext   0x009000    program     static C:\Documents and Settings\Administrator\Desktop\EFY-WIFI-WEBCAM\C18WIFI\WF_Spi.c
             ScratchMount   0x0057ba    program     extern C:\Documents and Settings\Administrator\Desktop\EFY-WIFI-WEBCAM\C18WIFI\WFDriverRaw.c
           ScratchUnmount   0x005816    program     extern C:\Documents and Settings\Administrator\Desktop\EFY-WIFI-WEBCAM\C18WIFI\WFDriverRaw.c
          SendGetParamMsg   0x0072c4    program     extern C:\Documents and Settings\Administrator\Desktop\EFY-WIFI-WEBCAM\C18WIFI\WFParamMsg.c
              SendMgmtMsg   0x00839a    program     extern C:\Documents and Settings\Administrator\Desktop\EFY-WIFI-WEBCAM\C18WIFI\WFMgmtMsg.c
         SendPowerModeMsg   0x009146    program     static C:\Documents and Settings\Administrator\Desktop\EFY-WIFI-WEBCAM\C18WIFI\WFPowerSave.c
         SendRAWDataFrame   0x005be6    program     extern C:\Documents and Settings\Administrator\Desktop\EFY-WIFI-WEBCAM\C18WIFI\WFDriverRaw.c
   SendRAWManagementFrame   0x002016    program     extern C:\Documents and Settings\Administrator\Desktop\EFY-WIFI-WEBCAM\C18WIFI\WFMac.c
          SendSetParamMsg   0x007284    program     extern C:\Documents and Settings\Administrator\Desktop\EFY-WIFI-WEBCAM\C18WIFI\WFParamMsg.c
 SetEventNotificationMask   0x004bc2    program     static C:\Documents and Settings\Administrator\Desktop\EFY-WIFI-WEBCAM\C18WIFI\WFConnectionAlgorithm.c
SetLogicalConnectionState   0x009522    program     extern C:\Documents and Settings\Administrator\Desktop\EFY-WIFI-WEBCAM\C18WIFI\WFConnectionManager.c
        SetPowerSaveState   0x009182    program     static C:\Documents and Settings\Administrator\Desktop\EFY-WIFI-WEBCAM\C18WIFI\WFPowerSave.c
   SetRawRxMgmtInProgress   0x0020a2    program     extern C:\Documents and Settings\Administrator\Desktop\EFY-WIFI-WEBCAM\C18WIFI\WFMac.c
SignalMgmtConfirmReceivedEvent   0x008488    program     extern C:\Documents and Settings\Administrator\Desktop\EFY-WIFI-WEBCAM\C18WIFI\WFMgmtMsg.c
        StackApplications   0x008aaa    program     extern C:\Documents and Settings\Administrator\Desktop\EFY-WIFI-WEBCAM\C18WIFI\StackTsk.c
                StackInit   0x00886c    program     extern C:\Documents and Settings\Administrator\Desktop\EFY-WIFI-WEBCAM\C18WIFI\StackTsk.c
                StackTask   0x008898    program     extern C:\Documents and Settings\Administrator\Desktop\EFY-WIFI-WEBCAM\C18WIFI\StackTsk.c
            SwapARPPacket   0x007ffc    program     extern C:\Documents and Settings\Administrator\Desktop\EFY-WIFI-WEBCAM\C18WIFI\ARP.c
             SwapIPHeader   0x000388    program     static C:\Documents and Settings\Administrator\Desktop\EFY-WIFI-WEBCAM\C18WIFI\IP.c
       SyncENCPtrRAWState   0x001af0    program     static C:\Documents and Settings\Administrator\Desktop\EFY-WIFI-WEBCAM\C18WIFI\WFMac.c
               TSIGN1616A   0x0098a4    program     static C:\MCC18\src\traditional\math\fxm1616s.asm
TickConvertToMilliseconds   0x0095c0    program     extern C:\Documents and Settings\Administrator\Desktop\EFY-WIFI-WEBCAM\C18WIFI\Tick.c
                  TickGet   0x00955e    program     extern C:\Documents and Settings\Administrator\Desktop\EFY-WIFI-WEBCAM\C18WIFI\Tick.c
            TickGetDiv256   0x009574    program     extern C:\Documents and Settings\Administrator\Desktop\EFY-WIFI-WEBCAM\C18WIFI\Tick.c
            TickGetDiv64K   0x00959a    program     extern C:\Documents and Settings\Administrator\Desktop\EFY-WIFI-WEBCAM\C18WIFI\Tick.c
                 TickInit   0x009528    program     extern C:\Documents and Settings\Administrator\Desktop\EFY-WIFI-WEBCAM\C18WIFI\Tick.c
               TickUpdate   0x0095ee    program     extern C:\Documents and Settings\Administrator\Desktop\EFY-WIFI-WEBCAM\C18WIFI\Tick.c
                  ToInt16   0x001aa4    program     extern C:\Documents and Settings\Administrator\Desktop\EFY-WIFI-WEBCAM\C18WIFI\WFMac.c
                 UDPClose   0x004dc0    program     extern C:\Documents and Settings\Administrator\Desktop\EFY-WIFI-WEBCAM\C18WIFI\UDP.c
               UDPDiscard   0x005290    program     extern C:\Documents and Settings\Administrator\Desktop\EFY-WIFI-WEBCAM\C18WIFI\UDP.c
                 UDPFlush   0x0050c0    program     extern C:\Documents and Settings\Administrator\Desktop\EFY-WIFI-WEBCAM\C18WIFI\UDP.c
                   UDPGet   0x0051e2    program     extern C:\Documents and Settings\Administrator\Desktop\EFY-WIFI-WEBCAM\C18WIFI\UDP.c
              UDPGetArray   0x005216    program     extern C:\Documents and Settings\Administrator\Desktop\EFY-WIFI-WEBCAM\C18WIFI\UDP.c
                  UDPInit   0x004c74    program     extern C:\Documents and Settings\Administrator\Desktop\EFY-WIFI-WEBCAM\C18WIFI\UDP.c
            UDPIsGetReady   0x0051a4    program     extern C:\Documents and Settings\Administrator\Desktop\EFY-WIFI-WEBCAM\C18WIFI\UDP.c
            UDPIsPutReady   0x004e78    program     extern C:\Documents and Settings\Administrator\Desktop\EFY-WIFI-WEBCAM\C18WIFI\UDP.c
                  UDPOpen   0x004c96    program     extern C:\Documents and Settings\Administrator\Desktop\EFY-WIFI-WEBCAM\C18WIFI\UDP.c
               UDPProcess   0x0052aa    program     extern C:\Documents and Settings\Administrator\Desktop\EFY-WIFI-WEBCAM\C18WIFI\UDP.c
                   UDPPut   0x004ee2    program     extern C:\Documents and Settings\Administrator\Desktop\EFY-WIFI-WEBCAM\C18WIFI\UDP.c
              UDPPutArray   0x004f2c    program     extern C:\Documents and Settings\Administrator\Desktop\EFY-WIFI-WEBCAM\C18WIFI\UDP.c
           UDPPutROMArray   0x004fba    program     extern C:\Documents and Settings\Administrator\Desktop\EFY-WIFI-WEBCAM\C18WIFI\UDP.c
          UDPPutROMString   0x005084    program     extern C:\Documents and Settings\Administrator\Desktop\EFY-WIFI-WEBCAM\C18WIFI\UDP.c
             UDPPutString   0x005048    program     extern C:\Documents and Settings\Administrator\Desktop\EFY-WIFI-WEBCAM\C18WIFI\UDP.c
           UDPSetRxBuffer   0x004e56    program     extern C:\Documents and Settings\Administrator\Desktop\EFY-WIFI-WEBCAM\C18WIFI\UDP.c
           UDPSetTxBuffer   0x004e08    program     extern C:\Documents and Settings\Administrator\Desktop\EFY-WIFI-WEBCAM\C18WIFI\UDP.c
                  UDPTask   0x004c90    program     extern C:\Documents and Settings\Administrator\Desktop\EFY-WIFI-WEBCAM\C18WIFI\UDP.c
  WFConfigureLowPowerMode   0x009030    program     extern C:\Documents and Settings\Administrator\Desktop\EFY-WIFI-WEBCAM\C18WIFI\WFPowerSave.c
            WFEintHandler   0x006152    program     extern C:\Documents and Settings\Administrator\Desktop\EFY-WIFI-WEBCAM\C18WIFI\WFDriverCom.c
                WFEintISR   0x009ab6    program     extern C:\Documents and Settings\Administrator\Desktop\EFY-WIFI-WEBCAM\C18WIFI\WF_Eint.c
    WFEnableMRF24WB0MMode   0x006e14    program     extern C:\Documents and Settings\Administrator\Desktop\EFY-WIFI-WEBCAM\C18WIFI\WFParamMsg.c
             WFFreeMgmtTx   0x001ff0    program     extern C:\Documents and Settings\Administrator\Desktop\EFY-WIFI-WEBCAM\C18WIFI\WFMac.c
    WFGetMRF24WB0MVersion   0x006e32    program     extern C:\Documents and Settings\Administrator\Desktop\EFY-WIFI-WEBCAM\C18WIFI\WFParamMsg.c
           WFHardwareInit   0x0061d2    program     extern C:\Documents and Settings\Administrator\Desktop\EFY-WIFI-WEBCAM\C18WIFI\WFDriverCom.c
         WFIsPsPollActive   0x009116    program     extern C:\Documents and Settings\Administrator\Desktop\EFY-WIFI-WEBCAM\C18WIFI\WFPowerSave.c
        WFPowerToAppPower   0x00759e    program     static C:\Documents and Settings\Administrator\Desktop\EFY-WIFI-WEBCAM\C18WIFI\WFTxPower.c
                WFProcess   0x005c1e    program     extern C:\Documents and Settings\Administrator\Desktop\EFY-WIFI-WEBCAM\C18WIFI\WFDriverCom.c
 WFProcessMgmtIndicateMsg   0x00860e    program     extern C:\Documents and Settings\Administrator\Desktop\EFY-WIFI-WEBCAM\C18WIFI\WFEventHandler.c
           WFSetFuncState   0x0085f8    program     extern C:\Documents and Settings\Administrator\Desktop\EFY-WIFI-WEBCAM\C18WIFI\WFMgmtMsg.c
                WFSpiTxRx   0x008ebc    program     extern C:\Documents and Settings\Administrator\Desktop\EFY-WIFI-WEBCAM\C18WIFI\WF_Spi.c
            WFSpiTxRx_Rom   0x008f72    program     extern C:\Documents and Settings\Administrator\Desktop\EFY-WIFI-WEBCAM\C18WIFI\WF_Spi.c
       WF_AssertionFailed   0x009a8c    program     extern C:\Documents and Settings\Administrator\Desktop\EFY-WIFI-WEBCAM\C18WIFI\WF_Config.c
    WF_CAGetBeaconTimeout   0x004ba6    program     extern C:\Documents and Settings\Administrator\Desktop\EFY-WIFI-WEBCAM\C18WIFI\WFConnectionAlgorithm.c
WF_CAGetBeaconTimeoutAction   0x004a1c    program     extern C:\Documents and Settings\Administrator\Desktop\EFY-WIFI-WEBCAM\C18WIFI\WFConnectionAlgorithm.c
      WF_CAGetChannelList   0x004a84    program     extern C:\Documents and Settings\Administrator\Desktop\EFY-WIFI-WEBCAM\C18WIFI\WFConnectionAlgorithm.c
WF_CAGetConnectionProfileList   0x0049a2    program     extern C:\Documents and Settings\Administrator\Desktop\EFY-WIFI-WEBCAM\C18WIFI\WFConnectionAlgorithm.c
     WF_CAGetDeauthAction   0x004a52    program     extern C:\Documents and Settings\Administrator\Desktop\EFY-WIFI-WEBCAM\C18WIFI\WFConnectionAlgorithm.c
         WF_CAGetElements   0x0045a8    program     extern C:\Documents and Settings\Administrator\Desktop\EFY-WIFI-WEBCAM\C18WIFI\WFConnectionAlgorithm.c
WF_CAGetEventNotificationAction   0x0049f4    program     extern C:\Documents and Settings\Administrator\Desktop\EFY-WIFI-WEBCAM\C18WIFI\WFConnectionAlgorithm.c
   WF_CAGetListRetryCount   0x0049d0    program     extern C:\Documents and Settings\Administrator\Desktop\EFY-WIFI-WEBCAM\C18WIFI\WFConnectionAlgorithm.c
   WF_CAGetListenInterval   0x004b26    program     extern C:\Documents and Settings\Administrator\Desktop\EFY-WIFI-WEBCAM\C18WIFI\WFConnectionAlgorithm.c
   WF_CAGetMaxChannelTime   0x004822    program     extern C:\Documents and Settings\Administrator\Desktop\EFY-WIFI-WEBCAM\C18WIFI\WFConnectionAlgorithm.c
   WF_CAGetMinChannelTime   0x004788    program     extern C:\Documents and Settings\Administrator\Desktop\EFY-WIFI-WEBCAM\C18WIFI\WFConnectionAlgorithm.c
       WF_CAGetProbeDelay   0x0048bc    program     extern C:\Documents and Settings\Administrator\Desktop\EFY-WIFI-WEBCAM\C18WIFI\WFConnectionAlgorithm.c
             WF_CAGetRssi   0x004972    program     extern C:\Documents and Settings\Administrator\Desktop\EFY-WIFI-WEBCAM\C18WIFI\WFConnectionAlgorithm.c
        WF_CAGetScanCount   0x00493c    program     extern C:\Documents and Settings\Administrator\Desktop\EFY-WIFI-WEBCAM\C18WIFI\WFConnectionAlgorithm.c
         WF_CAGetScanType   0x00473a    program     extern C:\Documents and Settings\Administrator\Desktop\EFY-WIFI-WEBCAM\C18WIFI\WFConnectionAlgorithm.c
    WF_CASetBeaconTimeout   0x004b8c    program     extern C:\Documents and Settings\Administrator\Desktop\EFY-WIFI-WEBCAM\C18WIFI\WFConnectionAlgorithm.c
WF_CASetBeaconTimeoutAction   0x004a02    program     extern C:\Documents and Settings\Administrator\Desktop\EFY-WIFI-WEBCAM\C18WIFI\WFConnectionAlgorithm.c
      WF_CASetChannelList   0x004a6e    program     extern C:\Documents and Settings\Administrator\Desktop\EFY-WIFI-WEBCAM\C18WIFI\WFConnectionAlgorithm.c
WF_CASetConnectionProfileList   0x00498e    program     extern C:\Documents and Settings\Administrator\Desktop\EFY-WIFI-WEBCAM\C18WIFI\WFConnectionAlgorithm.c
     WF_CASetDeauthAction   0x004a38    program     extern C:\Documents and Settings\Administrator\Desktop\EFY-WIFI-WEBCAM\C18WIFI\WFConnectionAlgorithm.c
         WF_CASetElements   0x00424c    program     extern C:\Documents and Settings\Administrator\Desktop\EFY-WIFI-WEBCAM\C18WIFI\WFConnectionAlgorithm.c
WF_CASetEventNotificationAction   0x0049ec    program     extern C:\Documents and Settings\Administrator\Desktop\EFY-WIFI-WEBCAM\C18WIFI\WFConnectionAlgorithm.c
   WF_CASetListRetryCount   0x0049b6    program     extern C:\Documents and Settings\Administrator\Desktop\EFY-WIFI-WEBCAM\C18WIFI\WFConnectionAlgorithm.c
   WF_CASetListenInterval   0x004af2    program     extern C:\Documents and Settings\Administrator\Desktop\EFY-WIFI-WEBCAM\C18WIFI\WFConnectionAlgorithm.c
   WF_CASetMaxChannelTime   0x0047ee    program     extern C:\Documents and Settings\Administrator\Desktop\EFY-WIFI-WEBCAM\C18WIFI\WFConnectionAlgorithm.c
   WF_CASetMinChannelTime   0x004754    program     extern C:\Documents and Settings\Administrator\Desktop\EFY-WIFI-WEBCAM\C18WIFI\WFConnectionAlgorithm.c
       WF_CASetProbeDelay   0x004888    program     extern C:\Documents and Settings\Administrator\Desktop\EFY-WIFI-WEBCAM\C18WIFI\WFConnectionAlgorithm.c
             WF_CASetRssi   0x004958    program     extern C:\Documents and Settings\Administrator\Desktop\EFY-WIFI-WEBCAM\C18WIFI\WFConnectionAlgorithm.c
        WF_CASetScanCount   0x004922    program     extern C:\Documents and Settings\Administrator\Desktop\EFY-WIFI-WEBCAM\C18WIFI\WFConnectionAlgorithm.c
         WF_CASetScanType   0x004720    program     extern C:\Documents and Settings\Administrator\Desktop\EFY-WIFI-WEBCAM\C18WIFI\WFConnectionAlgorithm.c
             WF_CMConnect   0x009410    program     extern C:\Documents and Settings\Administrator\Desktop\EFY-WIFI-WEBCAM\C18WIFI\WFConnectionManager.c
          WF_CMDisconnect   0x00944e    program     extern C:\Documents and Settings\Administrator\Desktop\EFY-WIFI-WEBCAM\C18WIFI\WFConnectionManager.c
  WF_CMGetConnectionState   0x00948e    program     extern C:\Documents and Settings\Administrator\Desktop\EFY-WIFI-WEBCAM\C18WIFI\WFConnectionManager.c
              WF_CPCreate   0x0077dc    program     extern C:\Documents and Settings\Administrator\Desktop\EFY-WIFI-WEBCAM\C18WIFI\WFConnectionProfile.c
              WF_CPDelete   0x00782c    program     extern C:\Documents and Settings\Administrator\Desktop\EFY-WIFI-WEBCAM\C18WIFI\WFConnectionProfile.c
    WF_CPGetAdHocBehavior   0x007bc2    program     extern C:\Documents and Settings\Administrator\Desktop\EFY-WIFI-WEBCAM\C18WIFI\WFConnectionProfile.c
            WF_CPGetBssid   0x0079d2    program     extern C:\Documents and Settings\Administrator\Desktop\EFY-WIFI-WEBCAM\C18WIFI\WFConnectionProfile.c
WF_CPGetDefaultWepKeyIndex   0x007b84    program     extern C:\Documents and Settings\Administrator\Desktop\EFY-WIFI-WEBCAM\C18WIFI\WFConnectionProfile.c
         WF_CPGetElements   0x0078ee    program     extern C:\Documents and Settings\Administrator\Desktop\EFY-WIFI-WEBCAM\C18WIFI\WFConnectionProfile.c
              WF_CPGetIds   0x00786a    program     extern C:\Documents and Settings\Administrator\Desktop\EFY-WIFI-WEBCAM\C18WIFI\WFConnectionProfile.c
      WF_CPGetNetworkType   0x007a12    program     extern C:\Documents and Settings\Administrator\Desktop\EFY-WIFI-WEBCAM\C18WIFI\WFConnectionProfile.c
         WF_CPGetSecurity   0x007aa2    program     extern C:\Documents and Settings\Administrator\Desktop\EFY-WIFI-WEBCAM\C18WIFI\WFConnectionProfile.c
             WF_CPGetSsid   0x007944    program     extern C:\Documents and Settings\Administrator\Desktop\EFY-WIFI-WEBCAM\C18WIFI\WFConnectionProfile.c
    WF_CPSetAdHocBehavior   0x007ba4    program     extern C:\Documents and Settings\Administrator\Desktop\EFY-WIFI-WEBCAM\C18WIFI\WFConnectionProfile.c
            WF_CPSetBssid   0x0079b6    program     extern C:\Documents and Settings\Administrator\Desktop\EFY-WIFI-WEBCAM\C18WIFI\WFConnectionProfile.c
WF_CPSetDefaultWepKeyIndex   0x007b66    program     extern C:\Documents and Settings\Administrator\Desktop\EFY-WIFI-WEBCAM\C18WIFI\WFConnectionProfile.c
         WF_CPSetElements   0x0078b0    program     extern C:\Documents and Settings\Administrator\Desktop\EFY-WIFI-WEBCAM\C18WIFI\WFConnectionProfile.c
      WF_CPSetNetworkType   0x0079f4    program     extern C:\Documents and Settings\Administrator\Desktop\EFY-WIFI-WEBCAM\C18WIFI\WFConnectionProfile.c
         WF_CPSetSecurity   0x007a32    program     extern C:\Documents and Settings\Administrator\Desktop\EFY-WIFI-WEBCAM\C18WIFI\WFConnectionProfile.c
             WF_CPSetSsid   0x00790e    program     extern C:\Documents and Settings\Administrator\Desktop\EFY-WIFI-WEBCAM\C18WIFI\WFConnectionProfile.c
               WF_Connect   0x006560    program     static C:\Documents and Settings\Administrator\Desktop\EFY-WIFI-WEBCAM\C18WIFI\Main.c
           WF_EintDisable   0x009ad0    program     extern C:\Documents and Settings\Administrator\Desktop\EFY-WIFI-WEBCAM\C18WIFI\WF_Eint.c
            WF_EintEnable   0x009ac8    program     extern C:\Documents and Settings\Administrator\Desktop\EFY-WIFI-WEBCAM\C18WIFI\WF_Eint.c
              WF_EintInit   0x009ad4    program     extern C:\Documents and Settings\Administrator\Desktop\EFY-WIFI-WEBCAM\C18WIFI\WF_Eint.c
        WF_EintIsDisabled   0x009a90    program     extern C:\Documents and Settings\Administrator\Desktop\EFY-WIFI-WEBCAM\C18WIFI\WF_Eint.c
         WF_EintIsPending   0x009aa0    program     extern C:\Documents and Settings\Administrator\Desktop\EFY-WIFI-WEBCAM\C18WIFI\WF_Eint.c
         WF_GetDeviceInfo   0x006e4a    program     extern C:\Documents and Settings\Administrator\Desktop\EFY-WIFI-WEBCAM\C18WIFI\WFParamMsg.c
         WF_GetMacAddress   0x006eaa    program     extern C:\Documents and Settings\Administrator\Desktop\EFY-WIFI-WEBCAM\C18WIFI\WFParamMsg.c
           WF_GetMacStats   0x007136    program     extern C:\Documents and Settings\Administrator\Desktop\EFY-WIFI-WEBCAM\C18WIFI\WFParamMsg.c
    WF_GetMultiCastFilter   0x006f74    program     extern C:\Documents and Settings\Administrator\Desktop\EFY-WIFI-WEBCAM\C18WIFI\WFParamMsg.c
     WF_GetPowerSaveState   0x0090ee    program     extern C:\Documents and Settings\Administrator\Desktop\EFY-WIFI-WEBCAM\C18WIFI\WFPowerSave.c
     WF_GetRegionalDomain   0x007068    program     extern C:\Documents and Settings\Administrator\Desktop\EFY-WIFI-WEBCAM\C18WIFI\WFParamMsg.c
       WF_GetRtsThreshold   0x0070d6    program     extern C:\Documents and Settings\Administrator\Desktop\EFY-WIFI-WEBCAM\C18WIFI\WFParamMsg.c
      WF_GetTxDataConfirm   0x007036    program     extern C:\Documents and Settings\Administrator\Desktop\EFY-WIFI-WEBCAM\C18WIFI\WFParamMsg.c
       WF_HibernateEnable   0x009138    program     extern C:\Documents and Settings\Administrator\Desktop\EFY-WIFI-WEBCAM\C18WIFI\WFPowerSave.c
                  WF_Init   0x0098b2    program     extern C:\Documents and Settings\Administrator\Desktop\EFY-WIFI-WEBCAM\C18WIFI\WFInit.c
         WF_LibInitialize   0x0098ea    program     static C:\Documents and Settings\Administrator\Desktop\EFY-WIFI-WEBCAM\C18WIFI\WFInit.c
          WF_ProcessEvent   0x009a30    program     extern C:\Documents and Settings\Administrator\Desktop\EFY-WIFI-WEBCAM\C18WIFI\WF_Config.c
         WF_PsPollDisable   0x0090c8    program     extern C:\Documents and Settings\Administrator\Desktop\EFY-WIFI-WEBCAM\C18WIFI\WFPowerSave.c
          WF_PsPollEnable   0x009090    program     extern C:\Documents and Settings\Administrator\Desktop\EFY-WIFI-WEBCAM\C18WIFI\WFPowerSave.c
                  WF_Scan   0x009188    program     extern C:\Documents and Settings\Administrator\Desktop\EFY-WIFI-WEBCAM\C18WIFI\WFScan.c
         WF_ScanGetResult   0x0091c6    program     extern C:\Documents and Settings\Administrator\Desktop\EFY-WIFI-WEBCAM\C18WIFI\WFScan.c
         WF_SetMacAddress   0x006e92    program     extern C:\Documents and Settings\Administrator\Desktop\EFY-WIFI-WEBCAM\C18WIFI\WFParamMsg.c
    WF_SetMultiCastFilter   0x006ec2    program     extern C:\Documents and Settings\Administrator\Desktop\EFY-WIFI-WEBCAM\C18WIFI\WFParamMsg.c
     WF_SetRegionalDomain   0x00704e    program     extern C:\Documents and Settings\Administrator\Desktop\EFY-WIFI-WEBCAM\C18WIFI\WFParamMsg.c
       WF_SetRtsThreshold   0x007080    program     extern C:\Documents and Settings\Administrator\Desktop\EFY-WIFI-WEBCAM\C18WIFI\WFParamMsg.c
      WF_SetTxDataConfirm   0x00701c    program     extern C:\Documents and Settings\Administrator\Desktop\EFY-WIFI-WEBCAM\C18WIFI\WFParamMsg.c
  WF_SpiDisableChipSelect   0x008eb4    program     extern C:\Documents and Settings\Administrator\Desktop\EFY-WIFI-WEBCAM\C18WIFI\WF_Spi.c
   WF_SpiEnableChipSelect   0x008ea6    program     extern C:\Documents and Settings\Administrator\Desktop\EFY-WIFI-WEBCAM\C18WIFI\WF_Spi.c
               WF_SpiInit   0x008e8a    program     extern C:\Documents and Settings\Administrator\Desktop\EFY-WIFI-WEBCAM\C18WIFI\WF_Spi.c
  WF_ThrottleTableDisable   0x0075e6    program     extern C:\Documents and Settings\Administrator\Desktop\EFY-WIFI-WEBCAM\C18WIFI\WFTxPower.c
   WF_ThrottleTableEnable   0x0075c8    program     extern C:\Documents and Settings\Administrator\Desktop\EFY-WIFI-WEBCAM\C18WIFI\WFTxPower.c
      WF_ThrottleTableGet   0x0074a4    program     extern C:\Documents and Settings\Administrator\Desktop\EFY-WIFI-WEBCAM\C18WIFI\WFTxPower.c
 WF_ThrottleTableGetState   0x007632    program     extern C:\Documents and Settings\Administrator\Desktop\EFY-WIFI-WEBCAM\C18WIFI\WFTxPower.c
      WF_ThrottleTableSet   0x00730e    program     extern C:\Documents and Settings\Administrator\Desktop\EFY-WIFI-WEBCAM\C18WIFI\WFTxPower.c
  WF_TxPowerGetFactoryMax   0x0077b4    program     extern C:\Documents and Settings\Administrator\Desktop\EFY-WIFI-WEBCAM\C18WIFI\WFTxPower.c
      WF_TxPowerGetMinMax   0x00774e    program     extern C:\Documents and Settings\Administrator\Desktop\EFY-WIFI-WEBCAM\C18WIFI\WFTxPower.c
      WF_TxPowerSetMinMax   0x00769a    program     extern C:\Documents and Settings\Administrator\Desktop\EFY-WIFI-WEBCAM\C18WIFI\WFTxPower.c
            WFisConnected   0x00951a    program     extern C:\Documents and Settings\Administrator\Desktop\EFY-WIFI-WEBCAM\C18WIFI\WFConnectionManager.c
        WFisPsPollEnabled   0x0090fc    program     extern C:\Documents and Settings\Administrator\Desktop\EFY-WIFI-WEBCAM\C18WIFI\WFPowerSave.c
          WFisTxMgmtReady   0x001fae    program     extern C:\Documents and Settings\Administrator\Desktop\EFY-WIFI-WEBCAM\C18WIFI\WFMac.c
      WaitForMgmtResponse   0x008490    program     extern C:\Documents and Settings\Administrator\Desktop\EFY-WIFI-WEBCAM\C18WIFI\WFMgmtMsg.c
WaitForMgmtResponseAndReadData   0x008540    program     extern C:\Documents and Settings\Administrator\Desktop\EFY-WIFI-WEBCAM\C18WIFI\WFMgmtMsg.c
   WaitForRawMoveComplete   0x005b00    program     static C:\Documents and Settings\Administrator\Desktop\EFY-WIFI-WEBCAM\C18WIFI\WFDriverRaw.c
     Write16BitWFRegister   0x005de6    program     extern C:\Documents and Settings\Administrator\Desktop\EFY-WIFI-WEBCAM\C18WIFI\WFDriverCom.c
      Write8BitWFRegister   0x005d52    program     extern C:\Documents and Settings\Administrator\Desktop\EFY-WIFI-WEBCAM\C18WIFI\WFDriverCom.c
               WriteUSART   0x009636    program     extern C:\Documents and Settings\Administrator\Desktop\EFY-WIFI-WEBCAM\C18WIFI\UART.c
             WriteWFArray   0x005e2a    program     extern C:\Documents and Settings\Administrator\Desktop\EFY-WIFI-WEBCAM\C18WIFI\WFDriverCom.c
          WriteWFROMArray   0x005ee2    program     extern C:\Documents and Settings\Administrator\Desktop\EFY-WIFI-WEBCAM\C18WIFI\WFDriverCom.c
              _2jContinue   0x009396    program     static C:\MCC18\src\traditional\stdclib\memset.asm
                   _2jEnd   0x0093fa    program     static C:\MCC18\src\traditional\stdclib\slenpgm.asm
                   _3jEnd   0x0093a0    program     static C:\MCC18\src\traditional\stdclib\memset.asm
              _4jContinue   0x0092fa    program     static C:\MCC18\src\traditional\stdclib\memcmp.asm
              _4jContinue   0x009354    program     static C:\MCC18\src\traditional\stdclib\memcpy.asm
                   _5jEnd   0x009304    program     static C:\MCC18\src\traditional\stdclib\memcmp.asm
                   _5jEnd   0x00935e    program     static C:\MCC18\src\traditional\stdclib\memcpy.asm
        _D1KTCYXCODE_0010   0x009b5c    program     static C:\MCC18\src\traditional\delays\d1ktcyx.asm
        _D1KTCYXCODE_0016   0x009b62    program     static C:\MCC18\src\traditional\delays\d1ktcyx.asm
             _DHCPReceive   0x003c78    program     static C:\Documents and Settings\Administrator\Desktop\EFY-WIFI-WEBCAM\C18WIFI\DHCP.c
                _DHCPSend   0x003fe8    program     static C:\Documents and Settings\Administrator\Desktop\EFY-WIFI-WEBCAM\C18WIFI\DHCP.c
           ___do_lbl00002   0x009556    program     static                          
           ___do_lbl00002   0x008b1c    program     static                          
           ___do_lbl00003   0x00955a    program     static                          
           ___do_lbl00003   0x008b1c    program     static                          
           ___do_lbl00004   0x009538    program     static                          
           ___do_lbl00006   0x008af2    program     static                          
           ___if_lbl00016   0x0067e2    program     static                          
       ___return_lbl00000   0x008ac8    program     static                          
       ___return_lbl00000   0x000004    program     static                          
       ___return_lbl00000   0x009a2e    program     static                          
       ___return_lbl00000   0x009bde    program     static                          
       ___return_lbl00000   0x009b26    program     static                          
       ___return_lbl00001   0x008b1c    program     static                          
       ___return_lbl00001   0x009ba6    program     static                          
       ___return_lbl00001   0x00955c    program     static                          
       ___return_lbl00002   0x009822    program     static                          
       ___return_lbl00002   0x00001c    program     static                          
       ___return_lbl00003   0x00000c    program     static                          
       ___return_lbl00013   0x006856    program     static                          
        ___while_lbl00004   0x008afa    program     static                          
        ___while_lbl00005   0x008b1c    program     static                          
        ___while_lbl00014   0x00671e    program     static                          
        ___while_lbl00015   0x006856    program     static                          
               __config_0   0x300001    program     static C:\Documents and Settings\Administrator\Desktop\EFY-WIFI-WEBCAM\C18WIFI\Main.c
               __config_1   0x300003    program     static C:\Documents and Settings\Administrator\Desktop\EFY-WIFI-WEBCAM\C18WIFI\Main.c
               __config_2   0x300005    program     static C:\Documents and Settings\Administrator\Desktop\EFY-WIFI-WEBCAM\C18WIFI\Main.c
               __config_3   0x300006    program     static C:\Documents and Settings\Administrator\Desktop\EFY-WIFI-WEBCAM\C18WIFI\Main.c
                   __init   0x00000e    program     extern C:\MCC18\src\traditional\stdclib\__init.c
                   __pa_0   0x0034ae    program     static C:\MCC18\src\traditional\stdclib\vfprintf.c
                   __pa_1   0x0034b6    program     static C:\MCC18\src\traditional\stdclib\vfprintf.c
                  __pa_10   0x00356a    program     static C:\MCC18\src\traditional\stdclib\vfprintf.c
                  __pa_11   0x003578    program     static C:\MCC18\src\traditional\stdclib\vfprintf.c
                  __pa_12   0x00358e    program     static C:\MCC18\src\traditional\stdclib\vfprintf.c
                  __pa_13   0x0035a8    program     static C:\MCC18\src\traditional\stdclib\vfprintf.c
                  __pa_14   0x0035c0    program     static C:\MCC18\src\traditional\stdclib\vfprintf.c
                  __pa_15   0x0035d0    program     static C:\MCC18\src\traditional\stdclib\vfprintf.c
                  __pa_16   0x0035e6    program     static C:\MCC18\src\traditional\stdclib\vfprintf.c
                  __pa_17   0x0035f8    program     static C:\MCC18\src\traditional\stdclib\vfprintf.c
                  __pa_18   0x00360a    program     static C:\MCC18\src\traditional\stdclib\vfprintf.c
                  __pa_19   0x003614    program     static C:\MCC18\src\traditional\stdclib\vfprintf.c
                   __pa_2   0x0034c0    program     static C:\MCC18\src\traditional\stdclib\vfprintf.c
                  __pa_20   0x003624    program     static C:\MCC18\src\traditional\stdclib\vfprintf.c
                  __pa_21   0x003634    program     static C:\MCC18\src\traditional\stdclib\vfprintf.c
                  __pa_22   0x003644    program     static C:\MCC18\src\traditional\stdclib\vfprintf.c
                  __pa_23   0x003650    program     static C:\MCC18\src\traditional\stdclib\vfprintf.c
                  __pa_24   0x00365e    program     static C:\MCC18\src\traditional\stdclib\vfprintf.c
                  __pa_25   0x003666    program     static C:\MCC18\src\traditional\stdclib\vfprintf.c
                  __pa_26   0x003670    program     static C:\MCC18\src\traditional\stdclib\vfprintf.c
                  __pa_27   0x00367a    program     static C:\MCC18\src\traditional\stdclib\vfprintf.c
                  __pa_28   0x003682    program     static C:\MCC18\src\traditional\stdclib\vfprintf.c
                  __pa_29   0x003690    program     static C:\MCC18\src\traditional\stdclib\vfprintf.c
                   __pa_3   0x0034ca    program     static C:\MCC18\src\traditional\stdclib\vfprintf.c
                  __pa_30   0x0036ac    program     static C:\MCC18\src\traditional\stdclib\vfprintf.c
                  __pa_31   0x0036c6    program     static C:\MCC18\src\traditional\stdclib\vfprintf.c
                  __pa_32   0x0036e0    program     static C:\MCC18\src\traditional\stdclib\vfprintf.c
                  __pa_33   0x0036f8    program     static C:\MCC18\src\traditional\stdclib\vfprintf.c
                  __pa_34   0x003702    program     static C:\MCC18\src\traditional\stdclib\vfprintf.c
                  __pa_35   0x003710    program     static C:\MCC18\src\traditional\stdclib\vfprintf.c
                  __pa_36   0x003718    program     static C:\MCC18\src\traditional\stdclib\vfprintf.c
                  __pa_37   0x003722    program     static C:\MCC18\src\traditional\stdclib\vfprintf.c
                  __pa_38   0x003732    program     static C:\MCC18\src\traditional\stdclib\vfprintf.c
                  __pa_39   0x003740    program     static C:\MCC18\src\traditional\stdclib\vfprintf.c
                   __pa_4   0x0034e2    program     static C:\MCC18\src\traditional\stdclib\vfprintf.c
                  __pa_40   0x00374c    program     static C:\MCC18\src\traditional\stdclib\vfprintf.c
                  __pa_41   0x003758    program     static C:\MCC18\src\traditional\stdclib\vfprintf.c
                  __pa_42   0x003760    program     static C:\MCC18\src\traditional\stdclib\vfprintf.c
                  __pa_43   0x00376a    program     static C:\MCC18\src\traditional\stdclib\vfprintf.c
                  __pa_44   0x003770    program     static C:\MCC18\src\traditional\stdclib\vfprintf.c
                  __pa_45   0x00377a    program     static C:\MCC18\src\traditional\stdclib\vfprintf.c
                  __pa_46   0x003786    program     static C:\MCC18\src\traditional\stdclib\vfprintf.c
                   __pa_5   0x0034f6    program     static C:\MCC18\src\traditional\stdclib\vfprintf.c
                   __pa_6   0x003512    program     static C:\MCC18\src\traditional\stdclib\vfprintf.c
                   __pa_7   0x00351c    program     static C:\MCC18\src\traditional\stdclib\vfprintf.c
                   __pa_8   0x003528    program     static C:\MCC18\src\traditional\stdclib\vfprintf.c
                   __pa_9   0x00354a    program     static C:\MCC18\src\traditional\stdclib\vfprintf.c
               __string_0   0x006e01    program     static C:\Documents and Settings\Administrator\Desktop\EFY-WIFI-WEBCAM\C18WIFI\Main.c
               __string_0   0x006ce6    program     static C:\Documents and Settings\Administrator\Desktop\EFY-WIFI-WEBCAM\C18WIFI\IP.c
               __string_1   0x006dee    program     static C:\Documents and Settings\Administrator\Desktop\EFY-WIFI-WEBCAM\C18WIFI\Main.c
               __string_1   0x006ccd    program     static C:\Documents and Settings\Administrator\Desktop\EFY-WIFI-WEBCAM\C18WIFI\IP.c
              __string_10   0x006d7c    program     static C:\Documents and Settings\Administrator\Desktop\EFY-WIFI-WEBCAM\C18WIFI\Main.c
              __string_10   0x006c55    program     static C:\Documents and Settings\Administrator\Desktop\EFY-WIFI-WEBCAM\C18WIFI\IP.c
              __string_11   0x006c48    program     static C:\Documents and Settings\Administrator\Desktop\EFY-WIFI-WEBCAM\C18WIFI\IP.c
              __string_11   0x006d69    program     static C:\Documents and Settings\Administrator\Desktop\EFY-WIFI-WEBCAM\C18WIFI\Main.c
              __string_12   0x006d57    program     static C:\Documents and Settings\Administrator\Desktop\EFY-WIFI-WEBCAM\C18WIFI\Main.c
              __string_12   0x006c2d    program     static C:\Documents and Settings\Administrator\Desktop\EFY-WIFI-WEBCAM\C18WIFI\IP.c
              __string_13   0x006d46    program     static C:\Documents and Settings\Administrator\Desktop\EFY-WIFI-WEBCAM\C18WIFI\Main.c
              __string_13   0x006c07    program     static C:\Documents and Settings\Administrator\Desktop\EFY-WIFI-WEBCAM\C18WIFI\IP.c
              __string_14   0x006d31    program     static C:\Documents and Settings\Administrator\Desktop\EFY-WIFI-WEBCAM\C18WIFI\Main.c
              __string_14   0x006bd8    program     static C:\Documents and Settings\Administrator\Desktop\EFY-WIFI-WEBCAM\C18WIFI\IP.c
              __string_15   0x006b7d    program     static C:\Documents and Settings\Administrator\Desktop\EFY-WIFI-WEBCAM\C18WIFI\IP.c
              __string_15   0x006d1b    program     static C:\Documents and Settings\Administrator\Desktop\EFY-WIFI-WEBCAM\C18WIFI\Main.c
              __string_16   0x006d06    program     static C:\Documents and Settings\Administrator\Desktop\EFY-WIFI-WEBCAM\C18WIFI\Main.c
              __string_16   0x006b16    program     static C:\Documents and Settings\Administrator\Desktop\EFY-WIFI-WEBCAM\C18WIFI\IP.c
              __string_17   0x006ae0    program     static C:\Documents and Settings\Administrator\Desktop\EFY-WIFI-WEBCAM\C18WIFI\IP.c
              __string_18   0x006ad7    program     static C:\Documents and Settings\Administrator\Desktop\EFY-WIFI-WEBCAM\C18WIFI\IP.c
              __string_19   0x006ab4    program     static C:\Documents and Settings\Administrator\Desktop\EFY-WIFI-WEBCAM\C18WIFI\IP.c
               __string_2   0x006de2    program     static C:\Documents and Settings\Administrator\Desktop\EFY-WIFI-WEBCAM\C18WIFI\Main.c
               __string_2   0x006cba    program     static C:\Documents and Settings\Administrator\Desktop\EFY-WIFI-WEBCAM\C18WIFI\IP.c
              __string_20   0x006aac    program     static C:\Documents and Settings\Administrator\Desktop\EFY-WIFI-WEBCAM\C18WIFI\IP.c
              __string_21   0x006a44    program     static C:\Documents and Settings\Administrator\Desktop\EFY-WIFI-WEBCAM\C18WIFI\IP.c
              __string_22   0x006a0e    program     static C:\Documents and Settings\Administrator\Desktop\EFY-WIFI-WEBCAM\C18WIFI\IP.c
              __string_23   0x0069ea    program     static C:\Documents and Settings\Administrator\Desktop\EFY-WIFI-WEBCAM\C18WIFI\IP.c
              __string_24   0x0069cd    program     static C:\Documents and Settings\Administrator\Desktop\EFY-WIFI-WEBCAM\C18WIFI\IP.c
              __string_25   0x0069bc    program     static C:\Documents and Settings\Administrator\Desktop\EFY-WIFI-WEBCAM\C18WIFI\IP.c
              __string_26   0x0069a3    program     static C:\Documents and Settings\Administrator\Desktop\EFY-WIFI-WEBCAM\C18WIFI\IP.c
              __string_27   0x00697d    program     static C:\Documents and Settings\Administrator\Desktop\EFY-WIFI-WEBCAM\C18WIFI\IP.c
              __string_28   0x006922    program     static C:\Documents and Settings\Administrator\Desktop\EFY-WIFI-WEBCAM\C18WIFI\IP.c
              __string_29   0x0068f5    program     static C:\Documents and Settings\Administrator\Desktop\EFY-WIFI-WEBCAM\C18WIFI\IP.c
               __string_3   0x006ddf    program     static C:\Documents and Settings\Administrator\Desktop\EFY-WIFI-WEBCAM\C18WIFI\Main.c
               __string_3   0x006cad    program     static C:\Documents and Settings\Administrator\Desktop\EFY-WIFI-WEBCAM\C18WIFI\IP.c
              __string_30   0x0068e9    program     static C:\Documents and Settings\Administrator\Desktop\EFY-WIFI-WEBCAM\C18WIFI\IP.c
              __string_31   0x0068a6    program     static C:\Documents and Settings\Administrator\Desktop\EFY-WIFI-WEBCAM\C18WIFI\IP.c
              __string_32   0x006872    program     static C:\Documents and Settings\Administrator\Desktop\EFY-WIFI-WEBCAM\C18WIFI\IP.c
              __string_33   0x00686b    program     static C:\Documents and Settings\Administrator\Desktop\EFY-WIFI-WEBCAM\C18WIFI\IP.c
              __string_34   0x006858    program     static C:\Documents and Settings\Administrator\Desktop\EFY-WIFI-WEBCAM\C18WIFI\IP.c
               __string_4   0x006dd4    program     static C:\Documents and Settings\Administrator\Desktop\EFY-WIFI-WEBCAM\C18WIFI\Main.c
               __string_4   0x006ca0    program     static C:\Documents and Settings\Administrator\Desktop\EFY-WIFI-WEBCAM\C18WIFI\IP.c
               __string_5   0x006dcd    program     static C:\Documents and Settings\Administrator\Desktop\EFY-WIFI-WEBCAM\C18WIFI\Main.c
               __string_5   0x006c8f    program     static C:\Documents and Settings\Administrator\Desktop\EFY-WIFI-WEBCAM\C18WIFI\IP.c
               __string_6   0x006c82    program     static C:\Documents and Settings\Administrator\Desktop\EFY-WIFI-WEBCAM\C18WIFI\IP.c
               __string_6   0x006dc9    program     static C:\Documents and Settings\Administrator\Desktop\EFY-WIFI-WEBCAM\C18WIFI\Main.c
               __string_7   0x006db6    program     static C:\Documents and Settings\Administrator\Desktop\EFY-WIFI-WEBCAM\C18WIFI\Main.c
               __string_7   0x006c75    program     static C:\Documents and Settings\Administrator\Desktop\EFY-WIFI-WEBCAM\C18WIFI\IP.c
               __string_8   0x006da6    program     static C:\Documents and Settings\Administrator\Desktop\EFY-WIFI-WEBCAM\C18WIFI\Main.c
               __string_8   0x006c6f    program     static C:\Documents and Settings\Administrator\Desktop\EFY-WIFI-WEBCAM\C18WIFI\IP.c
               __string_9   0x006c67    program     static C:\Documents and Settings\Administrator\Desktop\EFY-WIFI-WEBCAM\C18WIFI\IP.c
               __string_9   0x006d93    program     static C:\Documents and Settings\Administrator\Desktop\EFY-WIFI-WEBCAM\C18WIFI\Main.c
              __tmplbl_42   0x003644    program     static                          
              __tmplbl_43   0x00348c    program     static                          
[...]
           __lcd_gotoxy:1   0x000f7c       data     extern C:\Documents and Settings\Administrator\Desktop\EFY-WIFI-WEBCAM\C18WIFI\xlcd.c
                        c   0x000f7d       data     static C:\Documents and Settings\Administrator\Desktop\EFY-WIFI-WEBCAM\C18WIFI\xlcd.c
             __lcd_putc:0   0x000f7d       data     extern C:\Documents and Settings\Administrator\Desktop\EFY-WIFI-WEBCAM\C18WIFI\xlcd.c
         __LCDPutString:0   0x000f7e       data     extern C:\Documents and Settings\Administrator\Desktop\EFY-WIFI-WEBCAM\C18WIFI\xlcd.c
                   string   0x000f7e       data     static C:\Documents and Settings\Administrator\Desktop\EFY-WIFI-WEBCAM\C18WIFI\xlcd.c
                PORTAbits   0x000f80       data     extern C:\MCC18\src\traditional\proc\p18F4620.asm
                    PORTA   0x000f80       data     extern C:\MCC18\src\traditional\proc\p18F4620.asm
                PORTBbits   0x000f81       data     extern C:\MCC18\src\traditional\proc\p18F4620.asm
                    PORTB   0x000f81       data     extern C:\MCC18\src\traditional\proc\p18F4620.asm
                PORTCbits   0x000f82       data     extern C:\MCC18\src\traditional\proc\p18F4620.asm
                    PORTC   0x000f82       data     extern C:\MCC18\src\traditional\proc\p18F4620.asm
                PORTDbits   0x000f83       data     extern C:\MCC18\src\traditional\proc\p18F4620.asm
                    PORTD   0x000f83       data     extern C:\MCC18\src\traditional\proc\p18F4620.asm
                PORTEbits   0x000f84       data     extern C:\MCC18\src\traditional\proc\p18F4620.asm
                    PORTE   0x000f84       data     extern C:\MCC18\src\traditional\proc\p18F4620.asm
                 LATAbits   0x000f89       data     extern C:\MCC18\src\traditional\proc\p18F4620.asm
                     LATA   0x000f89       data     extern C:\MCC18\src\traditional\proc\p18F4620.asm
                 LATBbits   0x000f8a       data     extern C:\MCC18\src\traditional\proc\p18F4620.asm
                     LATB   0x000f8a       data     extern C:\MCC18\src\traditional\proc\p18F4620.asm
                 LATCbits   0x000f8b       data     extern C:\MCC18\src\traditional\proc\p18F4620.asm
                     LATC   0x000f8b       data     extern C:\MCC18\src\traditional\proc\p18F4620.asm
                 LATDbits   0x000f8c       data     extern C:\MCC18\src\traditional\proc\p18F4620.asm
                     LATD   0x000f8c       data     extern C:\MCC18\src\traditional\proc\p18F4620.asm
                 LATEbits   0x000f8d       data     extern C:\MCC18\src\traditional\proc\p18F4620.asm
                     LATE   0x000f8d       data     extern C:\MCC18\src\traditional\proc\p18F4620.asm
                     DDRA   0x000f92       data     extern C:\MCC18\src\traditional\proc\p18F4620.asm
                 DDRAbits   0x000f92       data     extern C:\MCC18\src\traditional\proc\p18F4620.asm
                    TRISA   0x000f92       data     extern C:\MCC18\src\traditional\proc\p18F4620.asm
                TRISAbits   0x000f92       data     extern C:\MCC18\src\traditional\proc\p18F4620.asm
                 DDRBbits   0x000f93       data     extern C:\MCC18\src\traditional\proc\p18F4620.asm
                     DDRB   0x000f93       data     extern C:\MCC18\src\traditional\proc\p18F4620.asm
                TRISBbits   0x000f93       data     extern C:\MCC18\src\traditional\proc\p18F4620.asm
                    TRISB   0x000f93       data     extern C:\MCC18\src\traditional\proc\p18F4620.asm
                     DDRC   0x000f94       data     extern C:\MCC18\src\traditional\proc\p18F4620.asm
                 DDRCbits   0x000f94       data     extern C:\MCC18\src\traditional\proc\p18F4620.asm
                    TRISC   0x000f94       data     extern C:\MCC18\src\traditional\proc\p18F4620.asm
                TRISCbits   0x000f94       data     extern C:\MCC18\src\traditional\proc\p18F4620.asm
                 DDRDbits   0x000f95       data     extern C:\MCC18\src\traditional\proc\p18F4620.asm
                    TRISD   0x000f95       data     extern C:\MCC18\src\traditional\proc\p18F4620.asm
                TRISDbits   0x000f95       data     extern C:\MCC18\src\traditional\proc\p18F4620.asm
                     DDRD   0x000f95       data     extern C:\MCC18\src\traditional\proc\p18F4620.asm
                     DDRE   0x000f96       data     extern C:\MCC18\src\traditional\proc\p18F4620.asm
                 DDREbits   0x000f96       data     extern C:\MCC18\src\traditional\proc\p18F4620.asm
                    TRISE   0x000f96       data     extern C:\MCC18\src\traditional\proc\p18F4620.asm
                TRISEbits   0x000f96       data     extern C:\MCC18\src\traditional\proc\p18F4620.asm
                  OSCTUNE   0x000f9b       data     extern C:\MCC18\src\traditional\proc\p18F4620.asm
              OSCTUNEbits   0x000f9b       data     extern C:\MCC18\src\traditional\proc\p18F4620.asm
                     PIE1   0x000f9d       data     extern C:\MCC18\src\traditional\proc\p18F4620.asm
                 PIE1bits   0x000f9d       data     extern C:\MCC18\src\traditional\proc\p18F4620.asm
                     PIR1   0x000f9e       data     extern C:\MCC18\src\traditional\proc\p18F4620.asm
                 PIR1bits   0x000f9e       data     extern C:\MCC18\src\traditional\proc\p18F4620.asm
                     IPR1   0x000f9f       data     extern C:\MCC18\src\traditional\proc\p18F4620.asm
                 IPR1bits   0x000f9f       data     extern C:\MCC18\src\traditional\proc\p18F4620.asm
                 PIE2bits   0x000fa0       data     extern C:\MCC18\src\traditional\proc\p18F4620.asm
                     PIE2   0x000fa0       data     extern C:\MCC18\src\traditional\proc\p18F4620.asm
                 PIR2bits   0x000fa1       data     extern C:\MCC18\src\traditional\proc\p18F4620.asm
                     PIR2   0x000fa1       data     extern C:\MCC18\src\traditional\proc\p18F4620.asm
                     IPR2   0x000fa2       data     extern C:\MCC18\src\traditional\proc\p18F4620.asm
                 IPR2bits   0x000fa2       data     extern C:\MCC18\src\traditional\proc\p18F4620.asm
               EECON1bits   0x000fa6       data     extern C:\MCC18\src\traditional\proc\p18F4620.asm
                   EECON1   0x000fa6       data     extern C:\MCC18\src\traditional\proc\p18F4620.asm
                   EECON2   0x000fa7       data     extern C:\MCC18\src\traditional\proc\p18F4620.asm
                   EEDATA   0x000fa8       data     extern C:\MCC18\src\traditional\proc\p18F4620.asm
                    EEADR   0x000fa9       data     extern C:\MCC18\src\traditional\proc\p18F4620.asm
                   EEADRH   0x000faa       data     extern C:\MCC18\src\traditional\proc\p18F4620.asm
                    RCSTA   0x000fab       data     extern C:\MCC18\src\traditional\proc\p18F4620.asm
                RCSTAbits   0x000fab       data     extern C:\MCC18\src\traditional\proc\p18F4620.asm
                    TXSTA   0x000fac       data     extern C:\MCC18\src\traditional\proc\p18F4620.asm
                TXSTAbits   0x000fac       data     extern C:\MCC18\src\traditional\proc\p18F4620.asm
                    TXREG   0x000fad       data     extern C:\MCC18\src\traditional\proc\p18F4620.asm
                    RCREG   0x000fae       data     extern C:\MCC18\src\traditional\proc\p18F4620.asm
                    SPBRG   0x000faf       data     extern C:\MCC18\src\traditional\proc\p18F4620.asm
                   SPBRGH   0x000fb0       data     extern C:\MCC18\src\traditional\proc\p18F4620.asm
                    T3CON   0x000fb1       data     extern C:\MCC18\src\traditional\proc\p18F4620.asm
                T3CONbits   0x000fb1       data     extern C:\MCC18\src\traditional\proc\p18F4620.asm
                    TMR3L   0x000fb2       data     extern C:\MCC18\src\traditional\proc\p18F4620.asm
                    TMR3H   0x000fb3       data     extern C:\MCC18\src\traditional\proc\p18F4620.asm
                CMCONbits   0x000fb4       data     extern C:\MCC18\src\traditional\proc\p18F4620.asm
                    CMCON   0x000fb4       data     extern C:\MCC18\src\traditional\proc\p18F4620.asm
                   CVRCON   0x000fb5       data     extern C:\MCC18\src\traditional\proc\p18F4620.asm
               CVRCONbits   0x000fb5       data     extern C:\MCC18\src\traditional\proc\p18F4620.asm
                  ECCP1AS   0x000fb6       data     extern C:\MCC18\src\traditional\proc\p18F4620.asm
              ECCP1ASbits   0x000fb6       data     extern C:\MCC18\src\traditional\proc\p18F4620.asm
                  PWM1CON   0x000fb7       data     extern C:\MCC18\src\traditional\proc\p18F4620.asm
              PWM1CONbits   0x000fb7       data     extern C:\MCC18\src\traditional\proc\p18F4620.asm
                  BAUDCON   0x000fb8       data     extern C:\MCC18\src\traditional\proc\p18F4620.asm
              BAUDCONbits   0x000fb8       data     extern C:\MCC18\src\traditional\proc\p18F4620.asm
                  BAUDCTL   0x000fb8       data     extern C:\MCC18\src\traditional\proc\p18F4620.asm
              BAUDCTLbits   0x000fb8       data     extern C:\MCC18\src\traditional\proc\p18F4620.asm
              CCP2CONbits   0x000fba       data     extern C:\MCC18\src\traditional\proc\p18F4620.asm
                  CCP2CON   0x000fba       data     extern C:\MCC18\src\traditional\proc\p18F4620.asm
                    CCPR2   0x000fbb       data     extern C:\MCC18\src\traditional\proc\p18F4620.asm
                   CCPR2L   0x000fbb       data     extern C:\MCC18\src\traditional\proc\p18F4620.asm
                   CCPR2H   0x000fbc       data     extern C:\MCC18\src\traditional\proc\p18F4620.asm
              CCP1CONbits   0x000fbd       data     extern C:\MCC18\src\traditional\proc\p18F4620.asm
                  CCP1CON   0x000fbd       data     extern C:\MCC18\src\traditional\proc\p18F4620.asm
                   CCPR1L   0x000fbe       data     extern C:\MCC18\src\traditional\proc\p18F4620.asm
                    CCPR1   0x000fbe       data     extern C:\MCC18\src\traditional\proc\p18F4620.asm
                   CCPR1H   0x000fbf       data     extern C:\MCC18\src\traditional\proc\p18F4620.asm
               ADCON2bits   0x000fc0       data     extern C:\MCC18\src\traditional\proc\p18F4620.asm
                   ADCON2   0x000fc0       data     extern C:\MCC18\src\traditional\proc\p18F4620.asm
               ADCON1bits   0x000fc1       data     extern C:\MCC18\src\traditional\proc\p18F4620.asm
                   ADCON1   0x000fc1       data     extern C:\MCC18\src\traditional\proc\p18F4620.asm
               ADCON0bits   0x000fc2       data     extern C:\MCC18\src\traditional\proc\p18F4620.asm
                   ADCON0   0x000fc2       data     extern C:\MCC18\src\traditional\proc\p18F4620.asm
                   ADRESL   0x000fc3       data     extern C:\MCC18\src\traditional\proc\p18F4620.asm
                    ADRES   0x000fc3       data     extern C:\MCC18\src\traditional\proc\p18F4620.asm
                   ADRESH   0x000fc4       data     extern C:\MCC18\src\traditional\proc\p18F4620.asm
              SSPCON2bits   0x000fc5       data     extern C:\MCC18\src\traditional\proc\p18F4620.asm
                  SSPCON2   0x000fc5       data     extern C:\MCC18\src\traditional\proc\p18F4620.asm
              SSPCON1bits   0x000fc6       data     extern C:\MCC18\src\traditional\proc\p18F4620.asm
                  SSPCON1   0x000fc6       data     extern C:\MCC18\src\traditional\proc\p18F4620.asm
              SSPSTATbits   0x000fc7       data     extern C:\MCC18\src\traditional\proc\p18F4620.asm
                  SSPSTAT   0x000fc7       data     extern C:\MCC18\src\traditional\proc\p18F4620.asm
                   SSPADD   0x000fc8       data     extern C:\MCC18\src\traditional\proc\p18F4620.asm
                   SSPBUF   0x000fc9       data     extern C:\MCC18\src\traditional\proc\p18F4620.asm
                    T2CON   0x000fca       data     extern C:\MCC18\src\traditional\proc\p18F4620.asm
                T2CONbits   0x000fca       data     extern C:\MCC18\src\traditional\proc\p18F4620.asm
                      PR2   0x000fcb       data     extern C:\MCC18\src\traditional\proc\p18F4620.asm
                     TMR2   0x000fcc       data     extern C:\MCC18\src\traditional\proc\p18F4620.asm
                T1CONbits   0x000fcd       data     extern C:\MCC18\src\traditional\proc\p18F4620.asm
                    T1CON   0x000fcd       data     extern C:\MCC18\src\traditional\proc\p18F4620.asm
                    TMR1L   0x000fce       data     extern C:\MCC18\src\traditional\proc\p18F4620.asm
                    TMR1H   0x000fcf       data     extern C:\MCC18\src\traditional\proc\p18F4620.asm
                     RCON   0x000fd0       data     extern C:\MCC18\src\traditional\proc\p18F4620.asm
                 RCONbits   0x000fd0       data     extern C:\MCC18\src\traditional\proc\p18F4620.asm
               WDTCONbits   0x000fd1       data     extern C:\MCC18\src\traditional\proc\p18F4620.asm
                   WDTCON   0x000fd1       data     extern C:\MCC18\src\traditional\proc\p18F4620.asm
               LVDCONbits   0x000fd2       data     extern C:\MCC18\src\traditional\proc\p18F4620.asm
                   LVDCON   0x000fd2       data     extern C:\MCC18\src\traditional\proc\p18F4620.asm
              HLVDCONbits   0x000fd2       data     extern C:\MCC18\src\traditional\proc\p18F4620.asm
                  HLVDCON   0x000fd2       data     extern C:\MCC18\src\traditional\proc\p18F4620.asm
               OSCCONbits   0x000fd3       data     extern C:\MCC18\src\traditional\proc\p18F4620.asm
                   OSCCON   0x000fd3       data     extern C:\MCC18\src\traditional\proc\p18F4620.asm
                    DEBUG   0x000fd4       data     extern C:\MCC18\src\traditional\proc\p18F4620.asm
                    T0CON   0x000fd5       data     extern C:\MCC18\src\traditional\proc\p18F4620.asm
                T0CONbits   0x000fd5       data     extern C:\MCC18\src\traditional\proc\p18F4620.asm
                    TMR0L   0x000fd6       data     extern C:\MCC18\src\traditional\proc\p18F4620.asm
                    TMR0H   0x000fd7       data     extern C:\MCC18\src\traditional\proc\p18F4620.asm
                   STATUS   0x000fd8       data     extern C:\MCC18\src\traditional\proc\p18F4620.asm
               STATUSbits   0x000fd8       data     extern C:\MCC18\src\traditional\proc\p18F4620.asm
                     FSR2   0x000fd9       data     extern C:\MCC18\src\traditional\proc\p18F4620.asm
                    FSR2L   0x000fd9       data     extern C:\MCC18\src\traditional\proc\p18F4620.asm
                    FSR2H   0x000fda       data     extern C:\MCC18\src\traditional\proc\p18F4620.asm
                   PLUSW2   0x000fdb       data     extern C:\MCC18\src\traditional\proc\p18F4620.asm
                  PREINC2   0x000fdc       data     extern C:\MCC18\src\traditional\proc\p18F4620.asm
                 POSTDEC2   0x000fdd       data     extern C:\MCC18\src\traditional\proc\p18F4620.asm
                 POSTINC2   0x000fde       data     extern C:\MCC18\src\traditional\proc\p18F4620.asm
                    INDF2   0x000fdf       data     extern C:\MCC18\src\traditional\proc\p18F4620.asm
                      BSR   0x000fe0       data     extern C:\MCC18\src\traditional\proc\p18F4620.asm
                    FSR1L   0x000fe1       data     extern C:\MCC18\src\traditional\proc\p18F4620.asm
                     FSR1   0x000fe1       data     extern C:\MCC18\src\traditional\proc\p18F4620.asm
                    FSR1H   0x000fe2       data     extern C:\MCC18\src\traditional\proc\p18F4620.asm
                   PLUSW1   0x000fe3       data     extern C:\MCC18\src\traditional\proc\p18F4620.asm
                  PREINC1   0x000fe4       data     extern C:\MCC18\src\traditional\proc\p18F4620.asm
                 POSTDEC1   0x000fe5       data     extern C:\MCC18\src\traditional\proc\p18F4620.asm
                 POSTINC1   0x000fe6       data     extern C:\MCC18\src\traditional\proc\p18F4620.asm
                    INDF1   0x000fe7       data     extern C:\MCC18\src\traditional\proc\p18F4620.asm
                     WREG   0x000fe8       data     extern C:\MCC18\src\traditional\proc\p18F4620.asm
                        W   0x000fe8       data     extern C:\MCC18\src\traditional\proc\p18F4620.asm
                     FSR0   0x000fe9       data     extern C:\MCC18\src\traditional\proc\p18F4620.asm
                    FSR0L   0x000fe9       data     extern C:\MCC18\src\traditional\proc\p18F4620.asm
                    FSR0H   0x000fea       data     extern C:\MCC18\src\traditional\proc\p18F4620.asm
                   PLUSW0   0x000feb       data     extern C:\MCC18\src\traditional\proc\p18F4620.asm
                  PREINC0   0x000fec       data     extern C:\MCC18\src\traditional\proc\p18F4620.asm
                 POSTDEC0   0x000fed       data     extern C:\MCC18\src\traditional\proc\p18F4620.asm
                 POSTINC0   0x000fee       data     extern C:\MCC18\src\traditional\proc\p18F4620.asm
                    INDF0   0x000fef       data     extern C:\MCC18\src\traditional\proc\p18F4620.asm
                  INTCON3   0x000ff0       data     extern C:\MCC18\src\traditional\proc\p18F4620.asm
              INTCON3bits   0x000ff0       data     extern C:\MCC18\src\traditional\proc\p18F4620.asm
              INTCON2bits   0x000ff1       data     extern C:\MCC18\src\traditional\proc\p18F4620.asm
                  INTCON2   0x000ff1       data     extern C:\MCC18\src\traditional\proc\p18F4620.asm
               INTCONbits   0x000ff2       data     extern C:\MCC18\src\traditional\proc\p18F4620.asm
                   INTCON   0x000ff2       data     extern C:\MCC18\src\traditional\proc\p18F4620.asm
                     PROD   0x000ff3       data     extern C:\MCC18\src\traditional\proc\p18F4620.asm
                    PRODL   0x000ff3       data     extern C:\MCC18\src\traditional\proc\p18F4620.asm
                    PRODH   0x000ff4       data     extern C:\MCC18\src\traditional\proc\p18F4620.asm
                   TABLAT   0x000ff5       data     extern C:\MCC18\src\traditional\proc\p18F4620.asm
                   TBLPTR   0x000ff6       data     extern C:\MCC18\src\traditional\proc\p18F4620.asm
                  TBLPTRL   0x000ff6       data     extern C:\MCC18\src\traditional\proc\p18F4620.asm
                  TBLPTRH   0x000ff7       data     extern C:\MCC18\src\traditional\proc\p18F4620.asm
                  TBLPTRU   0x000ff8       data     extern C:\MCC18\src\traditional\proc\p18F4620.asm
                       PC   0x000ff9       data     extern C:\MCC18\src\traditional\proc\p18F4620.asm
                      PCL   0x000ff9       data     extern C:\MCC18\src\traditional\proc\p18F4620.asm
                   PCLATH   0x000ffa       data     extern C:\MCC18\src\traditional\proc\p18F4620.asm
                   PCLATU   0x000ffb       data     extern C:\MCC18\src\traditional\proc\p18F4620.asm
                   STKPTR   0x000ffc       data     extern C:\MCC18\src\traditional\proc\p18F4620.asm
               STKPTRbits   0x000ffc       data     extern C:\MCC18\src\traditional\proc\p18F4620.asm
                      TOS   0x000ffd       data     extern C:\MCC18\src\traditional\proc\p18F4620.asm
                     TOSL   0x000ffd       data     extern C:\MCC18\src\traditional\proc\p18F4620.asm
                     TOSH   0x000ffe       data     extern C:\MCC18\src\traditional\proc\p18F4620.asm
                     TOSU   0x000fff       data     extern C:\MCC18\src\traditional\proc\p18F4620.asm


